WARNING: All log messages before absl::InitializeLog() is called are written to STDERR
I0000 00:00:1790491400.845823   37484 port.cc:153] oneDNN custom operations are on. You may see slightly different numerical results due to floating-point round-off errors from different computation orders. To turn them off, set the environment variable `TF_ENABLE_ONEDNN_OPTS=0`.
WARNING: All log messages before absl::InitializeLog() is called are written to STDERR
I0000 00:00:1790491416.548338   37484 port.cc:153] oneDNN custom operations are on. You may see slightly different numerical results due to floating-point round-off errors from different computation orders. To turn them off, set the environment variable `TF_ENABLE_ONEDNN_OPTS=0`.
WARNING:tensorflow:From C:\Users\paul9\Desktop\115-1\機器學習與金融科技\Temporal_Relational_Stock_Ranking\.venv\Lib\site-packages\tf_keras\src\losses.py:2976: The name tf.losses.sparse_softmax_cross_entropy is deprecated. Please use tf.compat.v1.losses.sparse_softmax_cross_entropy instead.

WARNING:tensorflow:From C:\Users\paul9\Desktop\115-1\機器學習與金融科技\Temporal_Relational_Stock_Ranking\training\dynamic_relation_rank_lstm.py:20: The name tf.disable_v2_behavior is deprecated. Please use tf.compat.v1.disable_v2_behavior instead.

WARNING:tensorflow:From C:\Users\paul9\Desktop\115-1\機器學習與金融科技\Temporal_Relational_Stock_Ranking\.venv\Lib\site-packages\tensorflow\python\compat\v2_compat.py:98: disable_resource_variables (from tensorflow.python.ops.resource_variables_toggle) is deprecated and will be removed in a future version.
Instructions for updating:
non-resource variables are not supported in the long term
C:\Users\paul9\Desktop\115-1\機器學習與金融科技\Temporal_Relational_Stock_Ranking\training\dynamic_relation_rank_lstm.py:172: UserWarning: `tf.layers.dense` is deprecated and will be removed in a future version. Please use `tf.keras.layers.Dense` instead.
  rel_weight = tf.layers.dense(relation, units=1,
WARNING:tensorflow:From C:\Users\paul9\Desktop\115-1\機器學習與金融科技\Temporal_Relational_Stock_Ranking\.venv\Lib\site-packages\tf_keras\src\utils\version_utils.py:78: The name tf.executing_eagerly_outside_functions is deprecated. Please use tf.compat.v1.executing_eagerly_outside_functions instead.

C:\Users\paul9\Desktop\115-1\機器學習與金融科技\Temporal_Relational_Stock_Ranking\training\dynamic_relation_rank_lstm.py:181: UserWarning: `tf.layers.dense` is deprecated and will be removed in a future version. Please use `tf.keras.layers.Dense` instead.
  head_weight = tf.layers.dense(feature, units=1,
C:\Users\paul9\Desktop\115-1\機器學習與金融科技\Temporal_Relational_Stock_Ranking\training\dynamic_relation_rank_lstm.py:183: UserWarning: `tf.layers.dense` is deprecated and will be removed in a future version. Please use `tf.keras.layers.Dense` instead.
  tail_weight = tf.layers.dense(feature, units=1,
WARNING:tensorflow:From C:\Users\paul9\Desktop\115-1\機器學習與金融科技\Temporal_Relational_Stock_Ranking\.venv\Lib\site-packages\tensorflow\python\util\dispatch.py:1264: calling softmax (from tensorflow.python.ops.nn_ops) with dim is deprecated and will be removed in a future version.
Instructions for updating:
dim is deprecated, use axis instead
C:\Users\paul9\Desktop\115-1\機器學習與金融科技\Temporal_Relational_Stock_Ranking\training\dynamic_relation_rank_lstm.py:204: UserWarning: `tf.layers.dense` is deprecated and will be removed in a future version. Please use `tf.keras.layers.Dense` instead.
  prediction = tf.layers.dense(
WARNING:tensorflow:From C:\Users\paul9\Desktop\115-1\機器學習與金融科技\Temporal_Relational_Stock_Ranking\.venv\Lib\site-packages\tensorflow\python\util\dispatch.py:1264: div (from tensorflow.python.ops.math_ops) is deprecated and will be removed in a future version.
Instructions for updating:
Deprecated in favor of operator or tf.math.divide.
WARNING:tensorflow:From C:\Users\paul9\Desktop\115-1\機器學習與金融科技\Temporal_Relational_Stock_Ranking\training\dynamic_relation_rank_lstm.py:232: The name tf.train.AdamOptimizer is deprecated. Please use tf.compat.v1.train.AdamOptimizer instead.

I0000 00:00:1790491457.485378   37484 cpu_feature_guard.cc:227] This TensorFlow binary is optimized to use available CPU instructions in performance-critical operations.
To enable the following instructions: SSE3 SSE4.1 SSE4.2 AVX AVX2 AVX_VNNI AVX_VNNI_INT8 AVX_NE_CONVERT FMA, in other operations, rebuild TensorFlow with the appropriate compiler flags.
I0000 00:00:1790491457.704838   37484 mlir_graph_optimization_pass.cc:437] MLIR V1 optimization pass is not enabled
arguments: Namespace(p='../data/2013-01-01', m='NASDAQ', t='NASDAQ_tickers_qualify_dr-0.98_min-5_smooth.csv', l='4', u='32', s=1, r=0.001, a=1, gpu=False, emb_file='NASDAQ_rank_lstm_seq-4_unit-32_seed2.npy', rel_dir='relation/dynamic', window=60, inner_prod=False, epochs=50, seed=2)
parameters: {'seq': 4, 'unit': 32, 'lr': 0.001, 'alpha': 1.0}
#tickers selected: 1026
single EOD data shape: (1245, 6)
relation encoding shape: (1026, 1026, 1)
relation encoding shape: (1026, 1026, 1)
relation encoding shape: (1026, 1026, 1)
relation encoding shape: (1026, 1026, 1)
relation encoding shape: (1026, 1026, 1)
relation encoding shape: (1026, 1026, 1)
relation encoding shape: (1026, 1026, 1)
relation encoding shape: (1026, 1026, 1)
relation encoding shape: (1026, 1026, 1)
relation encoding shape: (1026, 1026, 1)
relation encoding shape: (1026, 1026, 1)
relation encoding shape: (1026, 1026, 1)
relation encoding shape: (1026, 1026, 1)
relation encoding shape: (1026, 1026, 1)
relation encoding shape: (1026, 1026, 1)
relation encoding shape: (1026, 1026, 1)
relation encoding shape: (1026, 1026, 1)
relation encoding shape: (1026, 1026, 1)
relation encoding shape: (1026, 1026, 1)
relation encoding shape: (1026, 1026, 1)
relation encoding shape: (1026, 1026, 1)
relation encoding shape: (1026, 1026, 1)
#relation windows: 22, each shape (1026, 1026, 1)
embedding shape: (1026, 1245, 32)
device name: /cpu:0
sum weight
Train Loss: 0.15836746 0.15672018 0.001647248
Valid MSE: 0.015659347 0.014821864 0.00083748554
	 Valid preformance: {'mse': np.float64(0.014823347895294775), 'mrrt': 0.026034847738137995, 'btl': np.float64(1.6462498190812767)}
Test MSE: 0.02716468 0.026301745 0.00086292333
	 Test performance: {'mse': np.float64(0.02630151551144544), 'mrrt': 0.01476360659444571, 'btl': np.float64(0.27338518493343145)}
Better valid loss: 0.015659347
epoch: 0 time: 27.1257 
Train Loss: 0.005844686 0.0054131215 0.00043156274
Valid MSE: 0.0013957594 0.0011600673 0.00023569225
	 Valid preformance: {'mse': np.float64(0.0011605586161914179), 'mrrt': 0.022615132502045898, 'btl': np.float64(1.5148676955141127)}
Test MSE: 0.0012622325 0.0010232992 0.0002389332
	 Test performance: {'mse': np.float64(0.0010230971091490042), 'mrrt': 0.016172885606924738, 'btl': np.float64(0.29509367141872644)}
Better valid loss: 0.0013957594
epoch: 1 time: 26.6012 
Train Loss: 0.0011579038 0.0009445958 0.0002133088
Valid MSE: 0.0010887317 0.00088934216 0.0001993891
	 Valid preformance: {'mse': np.float64(0.0008895239279293448), 'mrrt': 0.03552589811862435, 'btl': np.float64(1.7653785015281755)}
Test MSE: 0.0011199041 0.0009107929 0.0002091114
	 Test performance: {'mse': np.float64(0.0009105379467750257), 'mrrt': 0.04235557496489007, 'btl': np.float64(1.722380266757682)}
Better valid loss: 0.0010887317
epoch: 2 time: 23.2777 
Train Loss: 0.00094804144 0.0007693696 0.0001786722
Valid MSE: 0.0009296232 0.00076514663 0.00016447675
	 Valid preformance: {'mse': np.float64(0.0007653940308203993), 'mrrt': 0.029049992227904362, 'btl': np.float64(1.0684330485819373)}
Test MSE: 0.000963179 0.0007855557 0.00017762391
	 Test performance: {'mse': np.float64(0.0007853175005257756), 'mrrt': 0.041380299890640175, 'btl': np.float64(2.051256558916066)}
Better valid loss: 0.0009296232
epoch: 3 time: 23.5612 
Train Loss: 0.0008276131 0.0006767007 0.00015091256
Valid MSE: 0.00082275993 0.0006848819 0.00013787816
	 Valid preformance: {'mse': np.float64(0.0006851467269783662), 'mrrt': 0.029110564440284033, 'btl': np.float64(1.8185439709632192)}
Test MSE: 0.00087088224 0.0007189406 0.000151942
	 Test performance: {'mse': np.float64(0.000718712636167633), 'mrrt': 0.038751774452893184, 'btl': np.float64(1.1540198615402915)}
Better valid loss: 0.00082275993
epoch: 4 time: 21.5051 
Train Loss: 0.0007386595 0.0006104762 0.00012818327
Valid MSE: 0.00074905605 0.00063222967 0.000116826006
	 Valid preformance: {'mse': np.float64(0.0006325057535509075), 'mrrt': 0.024262552420466533, 'btl': np.float64(1.5769547251111362)}
Test MSE: 0.0007743322 0.0006451718 0.00012916062
	 Test performance: {'mse': np.float64(0.0006449648010047978), 'mrrt': 0.0347882052547487, 'btl': np.float64(0.4439524849294685)}
Better valid loss: 0.00074905605
epoch: 5 time: 23.3003 
Train Loss: 0.0006669885 0.00055893516 0.00010805336
Valid MSE: 0.000715302 0.00061821105 9.7091324e-05
	 Valid preformance: {'mse': np.float64(0.0006185161584309612), 'mrrt': 0.023025190575018097, 'btl': np.float64(1.0059458897740114)}
Test MSE: 0.0006919389 0.0005844584 0.000107480126
	 Test performance: {'mse': np.float64(0.000584296279911753), 'mrrt': 0.03794339871947482, 'btl': np.float64(0.415231121936813)}
Better valid loss: 0.000715302
epoch: 6 time: 35.7999 
Train Loss: 0.0005979601 0.00051134784 8.661291e-05
Valid MSE: 0.00063249416 0.00055719586 7.529835e-05
	 Valid preformance: {'mse': np.float64(0.0005574890446710648), 'mrrt': 0.024255444483196966, 'btl': np.float64(1.515493755490752)}
Test MSE: 0.0005613283 0.00048004757 8.1280894e-05
	 Test performance: {'mse': np.float64(0.00047990298833836426), 'mrrt': 0.038142271402820525, 'btl': np.float64(0.5332164885476232)}
Better valid loss: 0.00063249416
epoch: 7 time: 25.1586 
Train Loss: 0.00053938694 0.0004739561 6.5430795e-05
Valid MSE: 0.00058277394 0.0005282258 5.4548153e-05
	 Valid preformance: {'mse': np.float64(0.0005285165947504886), 'mrrt': 0.023005815542493452, 'btl': np.float64(1.419141066930024)}
Test MSE: 0.0004915075 0.00043256462 5.8943064e-05
	 Test performance: {'mse': np.float64(0.00043243757635783926), 'mrrt': 0.036856893863070034, 'btl': np.float64(0.6973390494240448)}
Better valid loss: 0.00058277394
epoch: 8 time: 25.6331 
Train Loss: 0.0004943302 0.00044809128 4.623848e-05
Valid MSE: 0.00057990744 0.00054095563 3.8951777e-05
	 Valid preformance: {'mse': np.float64(0.0005412444100418044), 'mrrt': 0.021969546794352073, 'btl': np.float64(1.2040948408830445)}
Test MSE: 0.0004754528 0.00043239372 4.3059197e-05
	 Test performance: {'mse': np.float64(0.00043229025407074344), 'mrrt': 0.03210081598850138, 'btl': np.float64(0.5422938460251316)}
Better valid loss: 0.00057990744
epoch: 9 time: 16.6577 
Train Loss: 0.00047031252 0.00043690097 3.341145e-05
Valid MSE: 0.000594198 0.0005589779 3.5220273e-05
	 Valid preformance: {'mse': np.float64(0.0005592580258423022), 'mrrt': 0.02612319323040722, 'btl': np.float64(1.8222060611005872)}
Test MSE: 0.00049923186 0.00045986136 3.937026e-05
	 Test performance: {'mse': np.float64(0.00045976903068023993), 'mrrt': 0.03179686244294295, 'btl': np.float64(0.6242145667783916)}
epoch: 10 time: 15.5044 
Train Loss: 0.00046129568 0.00043413427 2.7161655e-05
Valid MSE: 0.0005806705 0.00054467586 3.5994683e-05
	 Valid preformance: {'mse': np.float64(0.0005449746497523318), 'mrrt': 0.022944586562769632, 'btl': np.float64(1.4684444444719702)}
Test MSE: 0.00047899323 0.00044278617 3.6206933e-05
	 Test performance: {'mse': np.float64(0.0004426516509838388), 'mrrt': 0.014605793000055349, 'btl': np.float64(0.2408802651334554)}
epoch: 11 time: 17.1242 
Train Loss: 0.00046086192 0.0004359165 2.494549e-05
Valid MSE: 0.00054468465 0.0005167066 2.797799e-05
	 Valid preformance: {'mse': np.float64(0.0005170099042445985), 'mrrt': 0.02442012598235147, 'btl': np.float64(2.334225823287852)}
Test MSE: 0.00042982932 0.000403437 2.6392323e-05
	 Test performance: {'mse': np.float64(0.0004033103334173513), 'mrrt': 0.0132505788421207, 'btl': np.float64(0.12141873803921044)}
Better valid loss: 0.00054468465
epoch: 12 time: 16.2762 
Train Loss: 0.0004561019 0.00043314643 2.2955193e-05
Valid MSE: 0.000523589 0.00050192163 2.1667145e-05
	 Valid preformance: {'mse': np.float64(0.0005022066421433085), 'mrrt': 0.023966465045081452, 'btl': np.float64(2.419516233901959)}
Test MSE: 0.00041052894 0.00039034584 2.01832e-05
	 Test performance: {'mse': np.float64(0.0003902376880462401), 'mrrt': 0.013953294705194587, 'btl': np.float64(0.2130833407281898)}
Better valid loss: 0.000523589
epoch: 13 time: 17.7850 
Train Loss: 0.0004574182 0.0004358238 2.159439e-05
Valid MSE: 0.0005148707 0.0004960795 1.879131e-05
	 Valid preformance: {'mse': np.float64(0.000496369615260696), 'mrrt': 0.019005232018014944, 'btl': np.float64(1.8060208226597751)}
Test MSE: 0.0004000456 0.00038187078 1.8174798e-05
	 Test performance: {'mse': np.float64(0.000381753961313688), 'mrrt': 0.021891803239306104, 'btl': np.float64(1.1408441519015469)}
Better valid loss: 0.0005148707
epoch: 14 time: 20.0221 
Train Loss: 0.00045443527 0.0004329732 2.1462294e-05
Valid MSE: 0.0005251009 0.0005058086 1.9292504e-05
	 Valid preformance: {'mse': np.float64(0.0005060936077364841), 'mrrt': 0.021711276519408244, 'btl': np.float64(2.4583731092789094)}
Test MSE: 0.00041173893 0.00039283046 1.890829e-05
	 Test performance: {'mse': np.float64(0.0003927251438223733), 'mrrt': 0.030576121757754964, 'btl': np.float64(1.686396440723911)}
epoch: 15 time: 19.4142 
Train Loss: 0.00045924078 0.00043822388 2.101693e-05
Valid MSE: 0.0005161232 0.0004954873 2.0635702e-05
	 Valid preformance: {'mse': np.float64(0.0004957735689448884), 'mrrt': 0.03316316246735443, 'btl': np.float64(2.7255093177082017)}
Test MSE: 0.00040338477 0.00038315708 2.0227433e-05
	 Test performance: {'mse': np.float64(0.00038304421542872225), 'mrrt': 0.01707181369140469, 'btl': np.float64(0.23319739795988426)}
epoch: 16 time: 19.1621 
Train Loss: 0.0004579206 0.00043610766 2.1812848e-05
Valid MSE: 0.00051500945 0.0004951538 1.9855659e-05
	 Valid preformance: {'mse': np.float64(0.0004954417161457939), 'mrrt': 0.028938624879601676, 'btl': np.float64(2.4683623661112506)}
Test MSE: 0.00040138385 0.00038246703 1.8916811e-05
	 Test performance: {'mse': np.float64(0.00038235154623629276), 'mrrt': 0.016323558252933322, 'btl': np.float64(0.24275712051894516)}
epoch: 17 time: 20.9283 
Train Loss: 0.00045440605 0.00043386343 2.0542744e-05
Valid MSE: 0.0005275994 0.000509585 1.8014152e-05
	 Valid preformance: {'mse': np.float64(0.0005098784938331401), 'mrrt': 0.02697918672067579, 'btl': np.float64(2.8864318030828144)}
Test MSE: 0.0004118809 0.0003949581 1.6922595e-05
	 Test performance: {'mse': np.float64(0.00039483264303857976), 'mrrt': 0.020102693315512222, 'btl': np.float64(0.5602364088990726)}
epoch: 18 time: 21.1847 
Train Loss: 0.0004562544 0.0004367136 1.9540697e-05
Valid MSE: 0.0005245704 0.00050283753 2.1732942e-05
	 Valid preformance: {'mse': np.float64(0.0005031314174271765), 'mrrt': 0.026148666540082764, 'btl': np.float64(2.783478070923593)}
Test MSE: 0.00040842267 0.00038846125 1.9961373e-05
	 Test performance: {'mse': np.float64(0.00038833970998428336), 'mrrt': 0.014338112791247946, 'btl': np.float64(0.20862570474855602)}
epoch: 19 time: 19.5343 
Train Loss: 0.00045249864 0.00043295568 1.954343e-05
Valid MSE: 0.0005299632 0.00051284296 1.7120232e-05
	 Valid preformance: {'mse': np.float64(0.000513138350016262), 'mrrt': 0.024814653950037558, 'btl': np.float64(2.688863413146464)}
Test MSE: 0.0004118039 0.00039623608 1.5567759e-05
	 Test performance: {'mse': np.float64(0.0003961100796235126), 'mrrt': 0.026635156909384547, 'btl': np.float64(1.4870338189066388)}
epoch: 20 time: 21.3696 
Train Loss: 0.00045203496 0.00043299628 1.9038907e-05
Valid MSE: 0.0005581849 0.0005362119 2.1973077e-05
	 Valid preformance: {'mse': np.float64(0.0005364941123340934), 'mrrt': 0.02144717961818172, 'btl': np.float64(2.6476309026402305)}
Test MSE: 0.000448159 0.00042582123 2.2337776e-05
	 Test performance: {'mse': np.float64(0.0004257257019617497), 'mrrt': 0.022072470685902863, 'btl': np.float64(1.213497562566772)}
epoch: 21 time: 28.7342 
Train Loss: 0.00045419464 0.00043534752 1.884717e-05
Valid MSE: 0.0005165546 0.0004985239 1.8030227e-05
	 Valid preformance: {'mse': np.float64(0.0004988086577133812), 'mrrt': 0.02059235774491867, 'btl': np.float64(2.5728143228334375)}
Test MSE: 0.00040188455 0.0003845245 1.7359895e-05
	 Test performance: {'mse': np.float64(0.0003844162564759126), 'mrrt': 0.03400565707869723, 'btl': np.float64(1.8760304867173545)}
epoch: 22 time: 24.0500 
Train Loss: 0.00044960802 0.00043105474 1.8553628e-05
Valid MSE: 0.0005543551 0.0005361837 1.8171124e-05
	 Valid preformance: {'mse': np.float64(0.0005364637729011876), 'mrrt': 0.022578751230985232, 'btl': np.float64(2.8903592788192327)}
Test MSE: 0.0004403886 0.00042283037 1.7558186e-05
	 Test performance: {'mse': np.float64(0.00042273467798203073), 'mrrt': 0.02749066963038525, 'btl': np.float64(1.4417929280316457)}
epoch: 23 time: 27.2033 
Train Loss: 0.0004515501 0.00043275734 1.8792578e-05
Valid MSE: 0.0005182139 0.00049809186 2.0121986e-05
	 Valid preformance: {'mse': np.float64(0.0004983812126927179), 'mrrt': 0.020441692973183274, 'btl': np.float64(2.340856593385979)}
Test MSE: 0.00040374798 0.00038351075 2.0237503e-05
	 Test performance: {'mse': np.float64(0.00038339982848016536), 'mrrt': 0.022306816077583634, 'btl': np.float64(1.4743352703517303)}
epoch: 24 time: 29.2658 
Train Loss: 0.0004507336 0.0004320961 1.8637304e-05
Valid MSE: 0.00051229267 0.0004966176 1.5675343e-05
	 Valid preformance: {'mse': np.float64(0.0004969076299749192), 'mrrt': 0.023350413165583603, 'btl': np.float64(2.8155770450175623)}
Test MSE: 0.00039561288 0.00038112127 1.44917585e-05
	 Test performance: {'mse': np.float64(0.00038100317889844395), 'mrrt': 0.023451981998140144, 'btl': np.float64(1.1666348061407916)}
Better valid loss: 0.00051229267
epoch: 25 time: 28.6752 
Train Loss: 0.00044719302 0.00042997298 1.7220304e-05
Valid MSE: 0.0005579185 0.00053951767 1.8400857e-05
	 Valid preformance: {'mse': np.float64(0.0005397995083721485), 'mrrt': 0.02012372651040398, 'btl': np.float64(2.367604348626628)}
Test MSE: 0.00044465784 0.00042636 1.8297947e-05
	 Test performance: {'mse': np.float64(0.0004262650748137842), 'mrrt': 0.02190735935483405, 'btl': np.float64(1.3547185866627842)}
epoch: 26 time: 22.3183 
Train Loss: 0.0004506656 0.00043154182 1.9123732e-05
Valid MSE: 0.0005129198 0.0004958925 1.7027423e-05
	 Valid preformance: {'mse': np.float64(0.0004961780785813885), 'mrrt': 0.024273869979650926, 'btl': np.float64(2.6896452205837704)}
Test MSE: 0.00039922041 0.0003822177 1.7002765e-05
	 Test performance: {'mse': np.float64(0.00038210744707463856), 'mrrt': 0.027557474777861017, 'btl': np.float64(1.0130514483316801)}
epoch: 27 time: 22.5847 
Train Loss: 0.00044823086 0.00043050558 1.7725317e-05
Valid MSE: 0.00054585835 0.0005210852 2.4772975e-05
	 Valid preformance: {'mse': np.float64(0.0005213613051928159), 'mrrt': 0.03443426161652009, 'btl': np.float64(2.9778560647682752)}
Test MSE: 0.0004359207 0.000411708 2.4212599e-05
	 Test performance: {'mse': np.float64(0.00041161005202529734), 'mrrt': 0.02783603620102064, 'btl': np.float64(0.8230215152143501)}
epoch: 28 time: 18.6841 
Train Loss: 0.00045079313 0.00043293327 1.7859793e-05
Valid MSE: 0.0005113666 0.0004951068 1.6259899e-05
	 Valid preformance: {'mse': np.float64(0.0004953959359518805), 'mrrt': 0.021545985797298915, 'btl': np.float64(2.498501130430668)}
Test MSE: 0.00039567222 0.00037999256 1.5679507e-05
	 Test performance: {'mse': np.float64(0.0003798778191467048), 'mrrt': 0.02237542090461584, 'btl': np.float64(1.2452372841653414)}
Better valid loss: 0.0005113666
epoch: 29 time: 17.0530 
Train Loss: 0.0004533175 0.00043435645 1.8960887e-05
Valid MSE: 0.0005435995 0.00051826466 2.5334954e-05
	 Valid preformance: {'mse': np.float64(0.0005185508625937333), 'mrrt': 0.02127345896125615, 'btl': np.float64(2.541145817951474)}
Test MSE: 0.00043137046 0.00040649401 2.4876646e-05
	 Test performance: {'mse': np.float64(0.00040639486156257993), 'mrrt': 0.02400067709260895, 'btl': np.float64(0.9114165923092514)}
epoch: 30 time: 16.6886 
Train Loss: 0.00045086627 0.00043254753 1.8318848e-05
Valid MSE: 0.00053322344 0.00051087915 2.2344308e-05
	 Valid preformance: {'mse': np.float64(0.0005111760342070859), 'mrrt': 0.02959951443861299, 'btl': np.float64(2.019126927567413)}
Test MSE: 0.0004195146 0.00039702267 2.249199e-05
	 Test performance: {'mse': np.float64(0.0003968981957637396), 'mrrt': 0.01854709679694487, 'btl': np.float64(0.5297385248704813)}
epoch: 31 time: 21.3539 
Train Loss: 0.00044298873 0.00042588802 1.7100887e-05
Valid MSE: 0.0005163834 0.00050054584 1.5837471e-05
	 Valid preformance: {'mse': np.float64(0.000500836799944108), 'mrrt': 0.02503498822551441, 'btl': np.float64(2.5454954631859437)}
Test MSE: 0.0004006565 0.00038514606 1.5510597e-05
	 Test performance: {'mse': np.float64(0.000385025425413958), 'mrrt': 0.023092839149633483, 'btl': np.float64(0.5866394019685686)}
epoch: 32 time: 21.1717 
Train Loss: 0.00044560747 0.00042865696 1.6950395e-05
Valid MSE: 0.00051318976 0.00049456226 1.8627448e-05
	 Valid preformance: {'mse': np.float64(0.0004948478983772941), 'mrrt': 0.030819627200056876, 'btl': np.float64(2.3735362509905826)}
Test MSE: 0.00040065896 0.00038209988 1.8559314e-05
	 Test performance: {'mse': np.float64(0.00038198647886566285), 'mrrt': 0.018384014627760282, 'btl': np.float64(0.43141980201471597)}
epoch: 33 time: 20.8382 
Train Loss: 0.000446251 0.00042865888 1.7592258e-05
Valid MSE: 0.00052401226 0.0005058951 1.8117269e-05
	 Valid preformance: {'mse': np.float64(0.000506172451665429), 'mrrt': 0.030521721681946192, 'btl': np.float64(2.526155705068959)}
Test MSE: 0.0004127884 0.0003953263 1.746222e-05
	 Test performance: {'mse': np.float64(0.00039522149833845667), 'mrrt': 0.019274594728868107, 'btl': np.float64(0.4345455408911221)}
epoch: 34 time: 31.5300 
Train Loss: 0.0004515042 0.00043387612 1.7628305e-05
Valid MSE: 0.0005100696 0.00049535104 1.4718598e-05
	 Valid preformance: {'mse': np.float64(0.0004956357770962216), 'mrrt': 0.025837507036273775, 'btl': np.float64(2.5970225961355027)}
Test MSE: 0.00039496092 0.00038099004 1.3970833e-05
	 Test performance: {'mse': np.float64(0.0003808792973021035), 'mrrt': 0.02247347159705379, 'btl': np.float64(0.6953937489306554)}
Better valid loss: 0.0005100696
epoch: 35 time: 28.3735 
Train Loss: 0.00045007336 0.00043302245 1.7051065e-05
Valid MSE: 0.000573152 0.0005479373 2.521451e-05
	 Valid preformance: {'mse': np.float64(0.0005482436604544158), 'mrrt': 0.01906310359456527, 'btl': np.float64(2.2433495075747487)}
Test MSE: 0.00045803972 0.00043324355 2.4796183e-05
	 Test performance: {'mse': np.float64(0.0004331098493548101), 'mrrt': 0.014092001022659185, 'btl': np.float64(0.08044303522910923)}
epoch: 36 time: 25.9081 
Train Loss: 0.0004462031 0.000429195 1.700812e-05
Valid MSE: 0.0005198597 0.0005038987 1.596107e-05
	 Valid preformance: {'mse': np.float64(0.0005041830268723266), 'mrrt': 0.021972674939982725, 'btl': np.float64(2.248931162059307)}
Test MSE: 0.00040457686 0.00038927246 1.5304366e-05
	 Test performance: {'mse': np.float64(0.00038916564469029477), 'mrrt': 0.02224350785558717, 'btl': np.float64(0.3764656324638054)}
epoch: 37 time: 19.8253 
Train Loss: 0.00045073676 0.00043301578 1.7721051e-05
Valid MSE: 0.00051040907 0.00049411954 1.6289527e-05
	 Valid preformance: {'mse': np.float64(0.0004944069179811455), 'mrrt': 0.030348039102113443, 'btl': np.float64(2.993933915771777)}
Test MSE: 0.0003952244 0.0003796695 1.5554808e-05
	 Test performance: {'mse': np.float64(0.00037955565460702246), 'mrrt': 0.025372836414409836, 'btl': np.float64(0.3478942879009992)}
epoch: 38 time: 19.6381 
Train Loss: 0.00045189372 0.0004345716 1.7322134e-05
Valid MSE: 0.0005100038 0.00049543846 1.4565353e-05
	 Valid preformance: {'mse': np.float64(0.0004957240928268179), 'mrrt': 0.026123555868356258, 'btl': np.float64(2.5505001543206163)}
Test MSE: 0.00039510286 0.00038104763 1.4055288e-05
	 Test performance: {'mse': np.float64(0.0003809361710727882), 'mrrt': 0.025705341573570854, 'btl': np.float64(0.36098341445904225)}
Better valid loss: 0.0005100038
epoch: 39 time: 20.2752 
Train Loss: 0.00044881803 0.00043143844 1.7380053e-05
Valid MSE: 0.00067033124 0.00064287556 2.7455782e-05
	 Valid preformance: {'mse': np.float64(0.000643168722622265), 'mrrt': 0.021670492754257604, 'btl': np.float64(1.9526662725838833)}
Test MSE: 0.0005587639 0.0005303217 2.8442118e-05
	 Test performance: {'mse': np.float64(0.0005302436179581636), 'mrrt': 0.019066498440607947, 'btl': np.float64(1.3901767950737849)}
epoch: 40 time: 27.2195 
Train Loss: 0.00044706726 0.0004306678 1.639953e-05
Valid MSE: 0.00054170226 0.00051994174 2.1760401e-05
	 Valid preformance: {'mse': np.float64(0.0005202416943395011), 'mrrt': 0.029452487757204052, 'btl': np.float64(2.162686304334784)}
Test MSE: 0.00042844846 0.0004060448 2.2403572e-05
	 Test performance: {'mse': np.float64(0.0004059174705436123), 'mrrt': 0.016272272492369684, 'btl': np.float64(0.12117120967013761)}
epoch: 41 time: 22.2810 
Train Loss: 0.00044532132 0.0004289864 1.6334803e-05
Valid MSE: 0.00051167037 0.00049808825 1.3582102e-05
	 Valid preformance: {'mse': np.float64(0.0004983731050177335), 'mrrt': 0.017839294660193464, 'btl': np.float64(2.393544171063695)}
Test MSE: 0.00039660677 0.00038370327 1.29036e-05
	 Test performance: {'mse': np.float64(0.00038359519777101384), 'mrrt': 0.019879519618212535, 'btl': np.float64(0.633908478426747)}
epoch: 42 time: 21.3080 
Train Loss: 0.00044475956 0.00042844805 1.6311249e-05
Valid MSE: 0.0005167594 0.0005020601 1.469935e-05
	 Valid preformance: {'mse': np.float64(0.0005023525031392361), 'mrrt': 0.023283261357960307, 'btl': np.float64(2.4861318356124684)}
Test MSE: 0.00040105957 0.00038766835 1.3391168e-05
	 Test performance: {'mse': np.float64(0.00038754590000268283), 'mrrt': 0.02093013228676483, 'btl': np.float64(0.43206137901870534)}
epoch: 43 time: 16.5222 
Train Loss: 0.00044118206 0.00042545146 1.5730893e-05
Valid MSE: 0.0005121963 0.000495746 1.6450196e-05
	 Valid preformance: {'mse': np.float64(0.0004960343042422536), 'mrrt': 0.036759702760946866, 'btl': np.float64(3.3269895236880984)}
Test MSE: 0.00039706245 0.0003810828 1.597981e-05
	 Test performance: {'mse': np.float64(0.00038096581606959686), 'mrrt': 0.022795478756930027, 'btl': np.float64(0.6506362077780068)}
epoch: 44 time: 15.3356 
Train Loss: 0.0004448721 0.00042885475 1.6017375e-05
Valid MSE: 0.00055216823 0.00053306326 1.9104764e-05
	 Valid preformance: {'mse': np.float64(0.0005333655448454999), 'mrrt': 0.026303435283131938, 'btl': np.float64(2.05904964581714)}
Test MSE: 0.00043694323 0.00041767888 1.9264236e-05
	 Test performance: {'mse': np.float64(0.00041754795312981356), 'mrrt': 0.017057242727935656, 'btl': np.float64(0.28382234973832965)}
epoch: 45 time: 15.6083 
Train Loss: 0.00045002895 0.00043385781 1.6171118e-05
Valid MSE: 0.0005294707 0.00051026134 1.9208906e-05
	 Valid preformance: {'mse': np.float64(0.000510558158060302), 'mrrt': 0.019755935330250978, 'btl': np.float64(2.071222799080715)}
Test MSE: 0.00041549472 0.00039658297 1.8911835e-05
	 Test performance: {'mse': np.float64(0.00039645766622577243), 'mrrt': 0.01933081274512077, 'btl': np.float64(0.4039494877215475)}
epoch: 46 time: 18.0705 
Train Loss: 0.0004409275 0.0004252476 1.5680045e-05
Valid MSE: 0.0005299192 0.00051350053 1.641841e-05
	 Valid preformance: {'mse': np.float64(0.0005137966971366662), 'mrrt': 0.024284003469998542, 'btl': np.float64(2.1110879092593677)}
Test MSE: 0.00041407984 0.00039815676 1.592312e-05
	 Test performance: {'mse': np.float64(0.00039803044444481505), 'mrrt': 0.02475220247043815, 'btl': np.float64(0.883700649952516)}
epoch: 47 time: 19.6997 
Train Loss: 0.00045609428 0.00043861973 1.7473874e-05
Valid MSE: 0.0005118999 0.0004981162 1.3784005e-05
	 Valid preformance: {'mse': np.float64(0.0004983994201002932), 'mrrt': 0.023271933744851273, 'btl': np.float64(2.3853025833377615)}
Test MSE: 0.0003967039 0.0003835636 1.3140382e-05
	 Test performance: {'mse': np.float64(0.00038345581562586626), 'mrrt': 0.02196228027909772, 'btl': np.float64(0.04073079116642475)}
epoch: 48 time: 20.8444 
Train Loss: 0.00044407573 0.00042803324 1.6042637e-05
Valid MSE: 0.0005739746 0.00055478193 1.9192761e-05
	 Valid preformance: {'mse': np.float64(0.000555072350169348), 'mrrt': 0.016793333516269077, 'btl': np.float64(1.9074506871402264)}
Test MSE: 0.0004549173 0.00043627628 1.864131e-05
	 Test performance: {'mse': np.float64(0.0004361826202988113), 'mrrt': 0.01971322917918492, 'btl': np.float64(1.6169502717093565)}
epoch: 49 time: 21.1083 

Best Valid performance: {'mse': np.float64(0.0004957240928268179), 'mrrt': 0.026123555868356258, 'btl': np.float64(2.5505001543206163)}
	Best Test performance: {'mse': np.float64(0.0003809361710727882), 'mrrt': 0.025705341573570854, 'btl': np.float64(0.36098341445904225)}
