WARNING: All log messages before absl::InitializeLog() is called are written to STDERR
I0000 00:00:1789385101.160009   39528 port.cc:153] oneDNN custom operations are on. You may see slightly different numerical results due to floating-point round-off errors from different computation orders. To turn them off, set the environment variable `TF_ENABLE_ONEDNN_OPTS=0`.
WARNING: All log messages before absl::InitializeLog() is called are written to STDERR
I0000 00:00:1789385111.579645   39528 port.cc:153] oneDNN custom operations are on. You may see slightly different numerical results due to floating-point round-off errors from different computation orders. To turn them off, set the environment variable `TF_ENABLE_ONEDNN_OPTS=0`.
WARNING:tensorflow:From C:\Users\paul9\Desktop\115-1\機器學習與金融科技\Temporal_Relational_Stock_Ranking\.venv\Lib\site-packages\tf_keras\src\losses.py:2976: The name tf.losses.sparse_softmax_cross_entropy is deprecated. Please use tf.compat.v1.losses.sparse_softmax_cross_entropy instead.

WARNING:tensorflow:From C:\Users\paul9\Desktop\115-1\機器學習與金融科技\Temporal_Relational_Stock_Ranking\training\dynamic_relation_rank_lstm.py:18: The name tf.disable_v2_behavior is deprecated. Please use tf.compat.v1.disable_v2_behavior instead.

WARNING:tensorflow:From C:\Users\paul9\Desktop\115-1\機器學習與金融科技\Temporal_Relational_Stock_Ranking\.venv\Lib\site-packages\tensorflow\python\compat\v2_compat.py:98: disable_resource_variables (from tensorflow.python.ops.resource_variables_toggle) is deprecated and will be removed in a future version.
Instructions for updating:
non-resource variables are not supported in the long term
C:\Users\paul9\Desktop\115-1\機器學習與金融科技\Temporal_Relational_Stock_Ranking\training\dynamic_relation_rank_lstm.py:149: UserWarning: `tf.layers.dense` is deprecated and will be removed in a future version. Please use `tf.keras.layers.Dense` instead.
  rel_weight = tf.layers.dense(relation, units=1,
WARNING:tensorflow:From C:\Users\paul9\Desktop\115-1\機器學習與金融科技\Temporal_Relational_Stock_Ranking\.venv\Lib\site-packages\tf_keras\src\utils\version_utils.py:78: The name tf.executing_eagerly_outside_functions is deprecated. Please use tf.compat.v1.executing_eagerly_outside_functions instead.

C:\Users\paul9\Desktop\115-1\機器學習與金融科技\Temporal_Relational_Stock_Ranking\training\dynamic_relation_rank_lstm.py:158: UserWarning: `tf.layers.dense` is deprecated and will be removed in a future version. Please use `tf.keras.layers.Dense` instead.
  head_weight = tf.layers.dense(feature, units=1,
C:\Users\paul9\Desktop\115-1\機器學習與金融科技\Temporal_Relational_Stock_Ranking\training\dynamic_relation_rank_lstm.py:160: UserWarning: `tf.layers.dense` is deprecated and will be removed in a future version. Please use `tf.keras.layers.Dense` instead.
  tail_weight = tf.layers.dense(feature, units=1,
WARNING:tensorflow:From C:\Users\paul9\Desktop\115-1\機器學習與金融科技\Temporal_Relational_Stock_Ranking\.venv\Lib\site-packages\tensorflow\python\util\dispatch.py:1264: calling softmax (from tensorflow.python.ops.nn_ops) with dim is deprecated and will be removed in a future version.
Instructions for updating:
dim is deprecated, use axis instead
C:\Users\paul9\Desktop\115-1\機器學習與金融科技\Temporal_Relational_Stock_Ranking\training\dynamic_relation_rank_lstm.py:181: UserWarning: `tf.layers.dense` is deprecated and will be removed in a future version. Please use `tf.keras.layers.Dense` instead.
  prediction = tf.layers.dense(
WARNING:tensorflow:From C:\Users\paul9\Desktop\115-1\機器學習與金融科技\Temporal_Relational_Stock_Ranking\.venv\Lib\site-packages\tensorflow\python\util\dispatch.py:1264: div (from tensorflow.python.ops.math_ops) is deprecated and will be removed in a future version.
Instructions for updating:
Deprecated in favor of operator or tf.math.divide.
WARNING:tensorflow:From C:\Users\paul9\Desktop\115-1\機器學習與金融科技\Temporal_Relational_Stock_Ranking\training\dynamic_relation_rank_lstm.py:209: The name tf.train.AdamOptimizer is deprecated. Please use tf.compat.v1.train.AdamOptimizer instead.

I0000 00:00:1789385136.603508   39528 cpu_feature_guard.cc:227] This TensorFlow binary is optimized to use available CPU instructions in performance-critical operations.
To enable the following instructions: SSE3 SSE4.1 SSE4.2 AVX AVX2 AVX_VNNI AVX_VNNI_INT8 AVX_NE_CONVERT FMA, in other operations, rebuild TensorFlow with the appropriate compiler flags.
I0000 00:00:1789385136.678854   39528 mlir_graph_optimization_pass.cc:437] MLIR V1 optimization pass is not enabled
arguments: Namespace(p='../data/2013-01-01', m='NASDAQ', t='NASDAQ_tickers_qualify_dr-0.98_min-5_smooth.csv', l='4', u='32', s=1, r=0.001, a=1, gpu=False, emb_file='NASDAQ_rank_lstm_seq-4_unit-32_0.npy', rel_dir='relation/dynamic', window=60, inner_prod=False, epochs=50)
parameters: {'seq': 4, 'unit': 32, 'lr': 0.001, 'alpha': 1.0}
#tickers selected: 1026
single EOD data shape: (1245, 6)
relation encoding shape: (1026, 1026, 1)
relation encoding shape: (1026, 1026, 1)
relation encoding shape: (1026, 1026, 1)
relation encoding shape: (1026, 1026, 1)
relation encoding shape: (1026, 1026, 1)
relation encoding shape: (1026, 1026, 1)
relation encoding shape: (1026, 1026, 1)
relation encoding shape: (1026, 1026, 1)
relation encoding shape: (1026, 1026, 1)
relation encoding shape: (1026, 1026, 1)
relation encoding shape: (1026, 1026, 1)
relation encoding shape: (1026, 1026, 1)
relation encoding shape: (1026, 1026, 1)
relation encoding shape: (1026, 1026, 1)
relation encoding shape: (1026, 1026, 1)
relation encoding shape: (1026, 1026, 1)
relation encoding shape: (1026, 1026, 1)
relation encoding shape: (1026, 1026, 1)
relation encoding shape: (1026, 1026, 1)
relation encoding shape: (1026, 1026, 1)
relation encoding shape: (1026, 1026, 1)
#relation windows: 21, each shape (1026, 1026, 1)
embedding shape: (1026, 1245, 32)
device name: /cpu:0
sum weight
Train Loss: 0.11839227 0.11741193 0.000980258
Valid MSE: 0.0056681316 0.0051574577 0.0005106765
	 Valid preformance: {'mse': np.float64(0.005156870805464541), 'mrrt': 0.02835034462599509, 'btl': np.float64(1.8545014157425612)}
Test MSE: 0.008537952 0.008089335 0.0004486191
	 Test performance: {'mse': np.float64(0.008089052786063271), 'mrrt': 0.013179727076647024, 'btl': np.float64(0.1930715220514685)}
Better valid loss: 0.0056681316
epoch: 0 time: 26.1076 
Train Loss: 0.0022284486 0.0019470275 0.00028142138
Valid MSE: 0.0010423067 0.00086129765 0.0001810092
	 Valid preformance: {'mse': np.float64(0.0008618134415987528), 'mrrt': 0.02817056368658083, 'btl': np.float64(2.083000229904428)}
Test MSE: 0.0011579877 0.0009959674 0.00016202038
	 Test performance: {'mse': np.float64(0.0009958239537887778), 'mrrt': 0.036084352302593235, 'btl': np.float64(2.088229295462952)}
Better valid loss: 0.0010423067
epoch: 1 time: 20.3547 
Train Loss: 0.00086110615 0.00071172655 0.00014937989
Valid MSE: 0.00085642666 0.0007150869 0.00014134018
	 Valid preformance: {'mse': np.float64(0.0007155042168769229), 'mrrt': 0.024785774464436482, 'btl': np.float64(2.2859037393063772)}
Test MSE: 0.0008789275 0.0007467965 0.00013213087
	 Test performance: {'mse': np.float64(0.0007466642931212575), 'mrrt': 0.029904506446745967, 'btl': np.float64(1.3463705222384306)}
Better valid loss: 0.00085642666
epoch: 2 time: 16.9128 
Train Loss: 0.00068821566 0.0005758712 0.00011234453
Valid MSE: 0.00071984803 0.00061487657 0.00010497165
	 Valid preformance: {'mse': np.float64(0.0006152263727951449), 'mrrt': 0.028592196027164535, 'btl': np.float64(1.545401046751067)}
Test MSE: 0.00064205634 0.00054404343 9.801316e-05
	 Test performance: {'mse': np.float64(0.0005439174998425393), 'mrrt': 0.03562858663698077, 'btl': np.float64(1.8101881833717925)}
Better valid loss: 0.00071984803
epoch: 3 time: 15.6726 
Train Loss: 0.00058558676 0.00050193473 8.36524e-05
Valid MSE: 0.00065057736 0.00056861964 8.19579e-05
	 Valid preformance: {'mse': np.float64(0.000568939104112187), 'mrrt': 0.033929404862113516, 'btl': np.float64(2.0429216560442)}
Test MSE: 0.0005264592 0.00045173167 7.4727424e-05
	 Test performance: {'mse': np.float64(0.00045160509888116557), 'mrrt': 0.03796592598000338, 'btl': np.float64(1.2429523995087948)}
Better valid loss: 0.00065057736
epoch: 4 time: 16.9546 
Train Loss: 0.00054465036 0.0004757442 6.890611e-05
Valid MSE: 0.00063264096 0.00056114275 7.149811e-05
	 Valid preformance: {'mse': np.float64(0.0005614470366989007), 'mrrt': 0.036175491635636346, 'btl': np.float64(2.618549268634524)}
Test MSE: 0.00050547655 0.0004401892 6.528722e-05
	 Test performance: {'mse': np.float64(0.00044007229229318777), 'mrrt': 0.04236394446558812, 'btl': np.float64(1.1139988094219007)}
Better valid loss: 0.00063264096
epoch: 5 time: 21.7831 
Train Loss: 0.0005227137 0.00046217296 6.0540442e-05
Valid MSE: 0.000604188 0.0005401083 6.408009e-05
	 Valid preformance: {'mse': np.float64(0.0005404062666487364), 'mrrt': 0.0365134870950196, 'btl': np.float64(3.0065348861389793)}
Test MSE: 0.0004758881 0.00041754806 5.834026e-05
	 Test performance: {'mse': np.float64(0.0004174244025227403), 'mrrt': 0.04162738822738297, 'btl': np.float64(1.0061328326701187)}
Better valid loss: 0.000604188
epoch: 6 time: 19.1462 
Train Loss: 0.00051067525 0.000456068 5.4607055e-05
Valid MSE: 0.0005885711 0.00053190894 5.666245e-05
	 Valid preformance: {'mse': np.float64(0.0005322061512926812), 'mrrt': 0.03460732098889484, 'btl': np.float64(2.7566878976649605)}
Test MSE: 0.00046357667 0.00041104527 5.2531595e-05
	 Test performance: {'mse': np.float64(0.00041091600093283334), 'mrrt': 0.04477334211112983, 'btl': np.float64(1.4966497379355133)}
Better valid loss: 0.0005885711
epoch: 7 time: 15.7706 
Train Loss: 0.0005024232 0.00045423087 4.8192796e-05
Valid MSE: 0.00057403 0.00052301615 5.1013685e-05
	 Valid preformance: {'mse': np.float64(0.0005232950113515794), 'mrrt': 0.03604248330187888, 'btl': np.float64(3.006493099790532)}
Test MSE: 0.000456197 0.00040739504 4.8801892e-05
	 Test performance: {'mse': np.float64(0.000407282185670414), 'mrrt': 0.04752629175113548, 'btl': np.float64(0.86860889242962)}
Better valid loss: 0.00057403
epoch: 8 time: 16.8935 
Train Loss: 0.00048622885 0.00044447076 4.175763e-05
Valid MSE: 0.0005917618 0.0005453671 4.6394838e-05
	 Valid preformance: {'mse': np.float64(0.0005456425486032739), 'mrrt': 0.0337163298103753, 'btl': np.float64(2.496375538117718)}
Test MSE: 0.0004757769 0.00043076996 4.5006967e-05
	 Test performance: {'mse': np.float64(0.0004306686128357422), 'mrrt': 0.035568262917836845, 'btl': np.float64(0.5332012397702783)}
epoch: 9 time: 17.0840 
Train Loss: 0.00048115212 0.00044443645 3.6715825e-05
Valid MSE: 0.00055605057 0.00051512255 4.0927935e-05
	 Valid preformance: {'mse': np.float64(0.0005154153027410969), 'mrrt': 0.032587585273319425, 'btl': np.float64(2.39880968091893)}
Test MSE: 0.00044195686 0.0004006562 4.1300664e-05
	 Test performance: {'mse': np.float64(0.0004005303494834582), 'mrrt': 0.03374787760188106, 'btl': np.float64(1.6583336218900513)}
Better valid loss: 0.00055605057
epoch: 10 time: 19.5243 
Train Loss: 0.00047789034 0.00044459454 3.329582e-05
Valid MSE: 0.0005526194 0.0005167676 3.5851925e-05
	 Valid preformance: {'mse': np.float64(0.0005170423566308982), 'mrrt': 0.033218924526311124, 'btl': np.float64(2.6529865225893445)}
Test MSE: 0.00043887686 0.0004031804 3.5696405e-05
	 Test performance: {'mse': np.float64(0.00040307400511705767), 'mrrt': 0.04222599263358155, 'btl': np.float64(1.3055440917378291)}
Better valid loss: 0.0005526194
epoch: 11 time: 19.5605 
Train Loss: 0.00046775173 0.00043768177 3.006947e-05
Valid MSE: 0.0005342339 0.0005041034 3.0130232e-05
	 Valid preformance: {'mse': np.float64(0.0005043925628114382), 'mrrt': 0.032776396327287606, 'btl': np.float64(2.523828841513023)}
Test MSE: 0.00042066484 0.00038979767 3.086712e-05
	 Test performance: {'mse': np.float64(0.00038967406419296096), 'mrrt': 0.032159371580585135, 'btl': np.float64(1.2523052462784108)}
Better valid loss: 0.0005342339
epoch: 12 time: 20.1573 
Train Loss: 0.0004621148 0.00043362065 2.8493745e-05
Valid MSE: 0.00052705826 0.000500955 2.610283e-05
	 Valid preformance: {'mse': np.float64(0.0005012433496971025), 'mrrt': 0.03392872375083857, 'btl': np.float64(2.002941129147075)}
Test MSE: 0.000410056 0.00038411262 2.5943493e-05
	 Test performance: {'mse': np.float64(0.0003839916996594494), 'mrrt': 0.0475345896081423, 'btl': np.float64(1.8694648444652557)}
Better valid loss: 0.00052705826
epoch: 13 time: 18.7949 
Train Loss: 0.00046650492 0.00043988478 2.6620337e-05
Valid MSE: 0.0005586716 0.000524983 3.3688215e-05
	 Valid preformance: {'mse': np.float64(0.0005252538953998583), 'mrrt': 0.02532876466199838, 'btl': np.float64(1.74009431709419)}
Test MSE: 0.00044465004 0.0004110504 3.359971e-05
	 Test performance: {'mse': np.float64(0.0004109482108598132), 'mrrt': 0.034538261705332834, 'btl': np.float64(1.0129940943443216)}
epoch: 14 time: 14.7558 
Train Loss: 0.0004617757 0.00043656462 2.5210795e-05
Valid MSE: 0.0005331535 0.0005100007 2.3152765e-05
	 Valid preformance: {'mse': np.float64(0.0005102984792339688), 'mrrt': 0.031605335644411016, 'btl': np.float64(2.1185270559217315)}
Test MSE: 0.0004147009 0.0003918813 2.2819575e-05
	 Test performance: {'mse': np.float64(0.00039175390757376896), 'mrrt': 0.044262140872591615, 'btl': np.float64(1.7378204732667655)}
epoch: 15 time: 14.9089 
Train Loss: 0.00045434703 0.0004300355 2.431143e-05
Valid MSE: 0.0005362474 0.0005087822 2.7465001e-05
	 Valid preformance: {'mse': np.float64(0.0005090600543192866), 'mrrt': 0.019923398582165745, 'btl': np.float64(1.4346507436421234)}
Test MSE: 0.00042124186 0.00039342116 2.782093e-05
	 Test performance: {'mse': np.float64(0.0003933131408522656), 'mrrt': 0.03796754627031034, 'btl': np.float64(0.8839185871765949)}
epoch: 16 time: 16.6024 
Train Loss: 0.00046156446 0.00043815636 2.340838e-05
Valid MSE: 0.00053152215 0.00050935365 2.2168633e-05
	 Valid preformance: {'mse': np.float64(0.0005096272393957924), 'mrrt': 0.0209503447288621, 'btl': np.float64(1.5123648966837209)}
Test MSE: 0.00041552406 0.000393524 2.199998e-05
	 Test performance: {'mse': np.float64(0.0003934179495355584), 'mrrt': 0.04165014006812028, 'btl': np.float64(0.7966654225310776)}
epoch: 17 time: 16.9267 
Train Loss: 0.00046542904 0.00044176352 2.3665569e-05
Valid MSE: 0.0005763888 0.00054298504 3.3403812e-05
	 Valid preformance: {'mse': np.float64(0.0005433043718120235), 'mrrt': 0.021121103763341777, 'btl': np.float64(1.666485335008474)}
Test MSE: 0.00045770442 0.00042439424 3.3310218e-05
	 Test performance: {'mse': np.float64(0.00042425838053835994), 'mrrt': 0.018486928714179226, 'btl': np.float64(0.651820122206118)}
epoch: 18 time: 16.3952 
Train Loss: 0.00045531482 0.00043434114 2.0973914e-05
Valid MSE: 0.0005258851 0.0005042961 2.1588787e-05
	 Valid preformance: {'mse': np.float64(0.0005045919758134138), 'mrrt': 0.021436356130517295, 'btl': np.float64(1.3443094709364232)}
Test MSE: 0.00040891347 0.00038763575 2.127798e-05
	 Test performance: {'mse': np.float64(0.00038751037311580044), 'mrrt': 0.03726900381541498, 'btl': np.float64(1.0898794006789103)}
Better valid loss: 0.0005258851
epoch: 19 time: 17.4693 
Train Loss: 0.00045491633 0.00043427266 2.0643756e-05
Valid MSE: 0.0005359988 0.0005122512 2.3747662e-05
	 Valid preformance: {'mse': np.float64(0.0005125222805110727), 'mrrt': 0.018381041130327593, 'btl': np.float64(1.285466309840558)}
Test MSE: 0.00041991877 0.00039652397 2.33948e-05
	 Test performance: {'mse': np.float64(0.0003964202553426767), 'mrrt': 0.0471160159584517, 'btl': np.float64(1.1114660452876706)}
epoch: 20 time: 15.3697 
Train Loss: 0.00045384478 0.00043361742 2.0227239e-05
Valid MSE: 0.00051394466 0.0004958122 1.8132207e-05
	 Valid preformance: {'mse': np.float64(0.0004960937532193977), 'mrrt': 0.018886273617316797, 'btl': np.float64(1.3213359340734314)}
Test MSE: 0.00039849742 0.00037998636 1.8510991e-05
	 Test performance: {'mse': np.float64(0.0003798720791644054), 'mrrt': 0.04772490254463848, 'btl': np.float64(1.8797084046527743)}
Better valid loss: 0.00051394466
epoch: 21 time: 17.1885 
Train Loss: 0.00045032086 0.0004313432 1.897764e-05
Valid MSE: 0.0005846535 0.0005594285 2.5225096e-05
	 Valid preformance: {'mse': np.float64(0.0005596890085105862), 'mrrt': 0.016288168018365475, 'btl': np.float64(1.1708976182562765)}
Test MSE: 0.0004716057 0.00044550307 2.6102523e-05
	 Test performance: {'mse': np.float64(0.00044541198114945475), 'mrrt': 0.03413022193094092, 'btl': np.float64(1.2244569136819337)}
epoch: 22 time: 16.8795 
Train Loss: 0.0004551358 0.0004354565 1.9679414e-05
Valid MSE: 0.00063317973 0.0005943623 3.8817398e-05
	 Valid preformance: {'mse': np.float64(0.0005946435892345215), 'mrrt': 0.014666689924622197, 'btl': np.float64(0.8948248652886832)}
Test MSE: 0.00051659654 0.0004778702 3.8726495e-05
	 Test performance: {'mse': np.float64(0.0004777846950413911), 'mrrt': 0.026504685365401313, 'btl': np.float64(0.6640839995234273)}
epoch: 23 time: 18.0408 
Train Loss: 0.00044898482 0.00043026096 1.8723722e-05
Valid MSE: 0.0005350036 0.0005131424 2.1861162e-05
	 Valid preformance: {'mse': np.float64(0.0005134431125507257), 'mrrt': 0.022685233207301196, 'btl': np.float64(1.3918532671814319)}
Test MSE: 0.0004193737 0.0003966373 2.2736474e-05
	 Test performance: {'mse': np.float64(0.0003965093626493718), 'mrrt': 0.02127456996902595, 'btl': np.float64(0.6130031904904172)}
epoch: 24 time: 17.4245 
Train Loss: 0.00045381387 0.00043515797 1.865617e-05
Valid MSE: 0.0006989892 0.0006660594 3.2930067e-05
	 Valid preformance: {'mse': np.float64(0.0006663280535653336), 'mrrt': 0.014449069195353003, 'btl': np.float64(1.1679985362716252)}
Test MSE: 0.00058566337 0.00055245846 3.3204826e-05
	 Test performance: {'mse': np.float64(0.0005523838342398711), 'mrrt': 0.02919157482100625, 'btl': np.float64(0.9353593533742242)}
epoch: 25 time: 17.3715 
Train Loss: 0.00045067546 0.00043196618 1.8709485e-05
Valid MSE: 0.0005157274 0.0004959053 1.9822182e-05
	 Valid preformance: {'mse': np.float64(0.0004961859942358779), 'mrrt': 0.022914636221011187, 'btl': np.float64(1.8960743288917001)}
Test MSE: 0.00040317528 0.00038237835 2.0796893e-05
	 Test performance: {'mse': np.float64(0.00038226344384142757), 'mrrt': 0.017572336954851955, 'btl': np.float64(0.3398670160677284)}
epoch: 26 time: 24.4683 
Train Loss: 0.00045628005 0.00043745624 1.8823917e-05
Valid MSE: 0.00057234394 0.0005361641 3.6179896e-05
	 Valid preformance: {'mse': np.float64(0.0005364398515280708), 'mrrt': 0.016687375960920046, 'btl': np.float64(1.727451927450602)}
Test MSE: 0.00045812354 0.00042221393 3.5909376e-05
	 Test performance: {'mse': np.float64(0.00042211863778692866), 'mrrt': 0.034116907557948634, 'btl': np.float64(1.2739405232132412)}
epoch: 27 time: 24.7811 
Train Loss: 0.0004504849 0.00043280612 1.767894e-05
Valid MSE: 0.0005380994 0.0005116531 2.644627e-05
	 Valid preformance: {'mse': np.float64(0.0005119549348120974), 'mrrt': 0.006449349389150941, 'btl': np.float64(1.354603166335437)}
Test MSE: 0.00042126083 0.00039557248 2.5688336e-05
	 Test performance: {'mse': np.float64(0.0003954464042200354), 'mrrt': 0.027353909854520297, 'btl': np.float64(1.1177805735060247)}
epoch: 28 time: 21.5609 
Train Loss: 0.0004482322 0.00043116233 1.7069533e-05
Valid MSE: 0.00052504323 0.0005083705 1.6672768e-05
	 Valid preformance: {'mse': np.float64(0.0005086707326499954), 'mrrt': 0.013626108239586002, 'btl': np.float64(0.8274180175212678)}
Test MSE: 0.00040745994 0.00039085993 1.6600006e-05
	 Test performance: {'mse': np.float64(0.00039073404157390735), 'mrrt': 0.03593570962098572, 'btl': np.float64(1.7863517130026594)}
epoch: 29 time: 23.3357 
Train Loss: 0.00045372703 0.000435313 1.8414064e-05
Valid MSE: 0.0005268717 0.0005046946 2.2176811e-05
	 Valid preformance: {'mse': np.float64(0.0005049927931496346), 'mrrt': 0.011103722519461743, 'btl': np.float64(1.4298561343821348)}
Test MSE: 0.000410851 0.0003886656 2.218535e-05
	 Test performance: {'mse': np.float64(0.0003885421203502501), 'mrrt': 0.024792615708883848, 'btl': np.float64(1.455249429680407)}
epoch: 30 time: 23.2838 
Train Loss: 0.00044618742 0.00042931945 1.6867862e-05
Valid MSE: 0.0005178542 0.000504518 1.3336251e-05
	 Valid preformance: {'mse': np.float64(0.0005047915860613931), 'mrrt': 0.014356416962184683, 'btl': np.float64(0.7648149543965701)}
Test MSE: 0.0004031365 0.0003893858 1.3750548e-05
	 Test performance: {'mse': np.float64(0.00038928037353604697), 'mrrt': 0.0388348605836983, 'btl': np.float64(1.5385467197338585)}
epoch: 31 time: 22.4709 
Train Loss: 0.00044559903 0.00042782014 1.777888e-05
Valid MSE: 0.0005439987 0.0005210456 2.2953296e-05
	 Valid preformance: {'mse': np.float64(0.0005213531882266966), 'mrrt': 0.012489441481365358, 'btl': np.float64(1.4345949308262789)}
Test MSE: 0.00042467774 0.0004024581 2.2219543e-05
	 Test performance: {'mse': np.float64(0.00040232888769000763), 'mrrt': 0.02004985159949706, 'btl': np.float64(1.0153832930955105)}
epoch: 32 time: 18.3902 
Train Loss: 0.00044840286 0.00043149455 1.6907787e-05
Valid MSE: 0.0005514659 0.00053338206 1.8083618e-05
	 Valid preformance: {'mse': np.float64(0.000533648812245265), 'mrrt': 0.016503665708648495, 'btl': np.float64(1.3748969831649447)}
Test MSE: 0.0004378671 0.0004187988 1.9068373e-05
	 Test performance: {'mse': np.float64(0.0004187028542464031), 'mrrt': 0.030466595311261144, 'btl': np.float64(1.5036488198384177)}
epoch: 33 time: 16.7052 
Train Loss: 0.00045099572 0.00043430208 1.6693619e-05
Valid MSE: 0.0005183564 0.0005034545 1.4902185e-05
	 Valid preformance: {'mse': np.float64(0.0005037513905133676), 'mrrt': 0.010344467254496411, 'btl': np.float64(0.9335945099592209)}
Test MSE: 0.00040068533 0.0003865312 1.4154127e-05
	 Test performance: {'mse': np.float64(0.00038640749899794796), 'mrrt': 0.03465587536926765, 'btl': np.float64(1.6083509892923757)}
epoch: 34 time: 21.2815 
Train Loss: 0.00044753175 0.00043099112 1.6540813e-05
Valid MSE: 0.0005209931 0.00050797587 1.3016815e-05
	 Valid preformance: {'mse': np.float64(0.0005082530873860096), 'mrrt': 0.013002179249298761, 'btl': np.float64(1.1054780700505944)}
Test MSE: 0.00040596377 0.00039230607 1.3657917e-05
	 Test performance: {'mse': np.float64(0.0003922019252446555), 'mrrt': 0.029848927892685242, 'btl': np.float64(1.805344579363009)}
epoch: 35 time: 19.1013 
Train Loss: 0.00044942947 0.00043232235 1.7106913e-05
Valid MSE: 0.00052096933 0.00050376676 1.7202647e-05
	 Valid preformance: {'mse': np.float64(0.0005040372646704165), 'mrrt': 0.016050055933477542, 'btl': np.float64(1.2722148782631848)}
Test MSE: 0.00040759757 0.0003896225 1.7975035e-05
	 Test performance: {'mse': np.float64(0.0003895180205634407), 'mrrt': 0.03282999832779165, 'btl': np.float64(0.8174859491700772)}
epoch: 36 time: 16.5062 
Train Loss: 0.00044650794 0.00043120436 1.5303958e-05
Valid MSE: 0.0005088544 0.00049472554 1.4128633e-05
	 Valid preformance: {'mse': np.float64(0.0004950119474087102), 'mrrt': 0.017432000470110117, 'btl': np.float64(1.0688120764389168)}
Test MSE: 0.00039423077 0.00037885475 1.5376252e-05
	 Test performance: {'mse': np.float64(0.00037873847907115253), 'mrrt': 0.032582597751891026, 'btl': np.float64(1.159319058933761)}
Better valid loss: 0.0005088544
epoch: 37 time: 16.5884 
Train Loss: 0.00044550726 0.00042972973 1.5777336e-05
Valid MSE: 0.0005866988 0.0005735262 1.3172681e-05
	 Valid preformance: {'mse': np.float64(0.0005737817262709811), 'mrrt': 0.014938327432629359, 'btl': np.float64(1.0572413688350935)}
Test MSE: 0.00046907295 0.00045611523 1.2957739e-05
	 Test performance: {'mse': np.float64(0.0004560263184219692), 'mrrt': 0.03077333994162539, 'btl': np.float64(0.776410643273266)}
epoch: 38 time: 15.4916 
Train Loss: 0.00044250846 0.00042747534 1.5033241e-05
Valid MSE: 0.00061771454 0.00058787805 2.9836494e-05
	 Valid preformance: {'mse': np.float64(0.000588155812683703), 'mrrt': 0.012275365980483987, 'btl': np.float64(0.989154660681379)}
Test MSE: 0.000502617 0.00047274458 2.9872412e-05
	 Test performance: {'mse': np.float64(0.000472659831167134), 'mrrt': 0.027811941550133733, 'btl': np.float64(1.073702713532839)}
epoch: 39 time: 17.5026 
Train Loss: 0.00044914716 0.00043311628 1.6030766e-05
Valid MSE: 0.0005176824 0.00050344196 1.4240469e-05
	 Valid preformance: {'mse': np.float64(0.0005037385721568956), 'mrrt': 0.01430384271298467, 'btl': np.float64(1.2292838012217544)}
Test MSE: 0.00040165195 0.00038761122 1.4040876e-05
	 Test performance: {'mse': np.float64(0.00038748738410235344), 'mrrt': 0.029363553247190633, 'btl': np.float64(1.2941628654953092)}
epoch: 40 time: 14.9510 
Train Loss: 0.00044684036 0.0004310404 1.579981e-05
Valid MSE: 0.0005171175 0.00050292286 1.4194498e-05
	 Valid preformance: {'mse': np.float64(0.0005032041479008684), 'mrrt': 0.014183426490178277, 'btl': np.float64(1.0784316234203288)}
Test MSE: 0.0004014359 0.00038664913 1.47869905e-05
	 Test performance: {'mse': np.float64(0.0003865426368930353), 'mrrt': 0.024574216244289706, 'btl': np.float64(1.4303165145392995)}
epoch: 41 time: 15.6926 
Train Loss: 0.00044686606 0.00043160864 1.5257158e-05
Valid MSE: 0.0005222947 0.0005050254 1.7269462e-05
	 Valid preformance: {'mse': np.float64(0.0005053056762206729), 'mrrt': 0.014094136517603804, 'btl': np.float64(1.3048157991288463)}
Test MSE: 0.00040774842 0.00038954918 1.8199224e-05
	 Test performance: {'mse': np.float64(0.0003894443728303575), 'mrrt': 0.019580322723076558, 'btl': np.float64(0.7476924971851986)}
epoch: 42 time: 20.5021 
Train Loss: 0.00044744462 0.0004322313 1.5213383e-05
Valid MSE: 0.00050503894 0.0004938305 1.1208433e-05
	 Valid preformance: {'mse': np.float64(0.0004941172868833535), 'mrrt': 0.01601673108058179, 'btl': np.float64(1.0095627761038486)}
Test MSE: 0.0003895209 0.00037792217 1.1598838e-05
	 Test performance: {'mse': np.float64(0.0003778063145788334), 'mrrt': 0.028765291406001883, 'btl': np.float64(0.860791878803866)}
Better valid loss: 0.00050503894
epoch: 43 time: 20.5057 
Train Loss: 0.00044565005 0.00043058262 1.5067419e-05
Valid MSE: 0.00055286323 0.0005290482 2.3815026e-05
	 Valid preformance: {'mse': np.float64(0.0005293274720724676), 'mrrt': 0.011945601362123031, 'btl': np.float64(0.8298409631388495)}
Test MSE: 0.00043844202 0.00041385533 2.4586665e-05
	 Test performance: {'mse': np.float64(0.000413757620405451), 'mrrt': 0.02178218015295216, 'btl': np.float64(0.7830838194349781)}
epoch: 44 time: 16.1840 
Train Loss: 0.00044675227 0.0004308924 1.5859785e-05
Valid MSE: 0.00050864526 0.00049597764 1.2667497e-05
	 Valid preformance: {'mse': np.float64(0.0004962684451734365), 'mrrt': 0.01181373706872576, 'btl': np.float64(1.234292157489108)}
Test MSE: 0.00039223203 0.0003799036 1.2328367e-05
	 Test performance: {'mse': np.float64(0.0003797849809293299), 'mrrt': 0.03019200392565083, 'btl': np.float64(0.9156109995092265)}
epoch: 45 time: 15.3682 
Train Loss: 0.00044668754 0.00043157602 1.5111658e-05
Valid MSE: 0.0005168326 0.00050042884 1.6403543e-05
	 Valid preformance: {'mse': np.float64(0.0005007123642909689), 'mrrt': 0.012231380712168293, 'btl': np.float64(1.0811713518487522)}
Test MSE: 0.00040142724 0.00038433302 1.7094419e-05
	 Test performance: {'mse': np.float64(0.00038422480659339636), 'mrrt': 0.019376459751952596, 'btl': np.float64(0.8428759769594762)}
epoch: 46 time: 15.1304 
Train Loss: 0.00044941774 0.0004332196 1.6198119e-05
Valid MSE: 0.00050671556 0.0004944107 1.2304746e-05
	 Valid preformance: {'mse': np.float64(0.0004946974922289761), 'mrrt': 0.011293644396800175, 'btl': np.float64(1.0680109370441642)}
Test MSE: 0.00039042818 0.000378503 1.1925224e-05
	 Test performance: {'mse': np.float64(0.00037838835760204244), 'mrrt': 0.03149823962269824, 'btl': np.float64(1.234494828095194)}
epoch: 47 time: 15.2873 
Train Loss: 0.00044526628 0.0004303236 1.4942325e-05
Valid MSE: 0.0005398414 0.0005168929 2.2948294e-05
	 Valid preformance: {'mse': np.float64(0.000517196708755832), 'mrrt': 0.018621258715220634, 'btl': np.float64(1.9130102680937853)}
Test MSE: 0.000424661 0.00040107072 2.3590042e-05
	 Test performance: {'mse': np.float64(0.0004009437096967061), 'mrrt': 0.015889433716630406, 'btl': np.float64(0.28416126867523417)}
epoch: 48 time: 15.4719 
Train Loss: 0.0004442252 0.00042858117 1.5644307e-05
Valid MSE: 0.00051690626 0.0005016982 1.52079265e-05
	 Valid preformance: {'mse': np.float64(0.0005019705214926653), 'mrrt': 0.01793112492669767, 'btl': np.float64(0.9612989966117311)}
Test MSE: 0.00040408183 0.00038808968 1.5992111e-05
	 Test performance: {'mse': np.float64(0.000387984629453776), 'mrrt': 0.031294917829948664, 'btl': np.float64(0.955200492287986)}
epoch: 49 time: 14.5197 

Best Valid performance: {'mse': np.float64(0.0004941172868833535), 'mrrt': 0.01601673108058179, 'btl': np.float64(1.0095627761038486)}
	Best Test performance: {'mse': np.float64(0.0003778063145788334), 'mrrt': 0.028765291406001883, 'btl': np.float64(0.860791878803866)}
