WARNING: All log messages before absl::InitializeLog() is called are written to STDERR
I0000 00:00:1790484462.143121   31024 port.cc:153] oneDNN custom operations are on. You may see slightly different numerical results due to floating-point round-off errors from different computation orders. To turn them off, set the environment variable `TF_ENABLE_ONEDNN_OPTS=0`.
WARNING: All log messages before absl::InitializeLog() is called are written to STDERR
I0000 00:00:1790484511.746603   31024 port.cc:153] oneDNN custom operations are on. You may see slightly different numerical results due to floating-point round-off errors from different computation orders. To turn them off, set the environment variable `TF_ENABLE_ONEDNN_OPTS=0`.
WARNING:tensorflow:From C:\Users\paul9\Desktop\115-1\機器學習與金融科技\Temporal_Relational_Stock_Ranking\.venv\Lib\site-packages\tf_keras\src\losses.py:2976: The name tf.losses.sparse_softmax_cross_entropy is deprecated. Please use tf.compat.v1.losses.sparse_softmax_cross_entropy instead.

WARNING:tensorflow:From C:\Users\paul9\Desktop\115-1\機器學習與金融科技\Temporal_Relational_Stock_Ranking\training\relation_rank_lstm.py:8: The name tf.disable_v2_behavior is deprecated. Please use tf.compat.v1.disable_v2_behavior instead.

WARNING:tensorflow:From C:\Users\paul9\Desktop\115-1\機器學習與金融科技\Temporal_Relational_Stock_Ranking\.venv\Lib\site-packages\tensorflow\python\compat\v2_compat.py:98: disable_resource_variables (from tensorflow.python.ops.resource_variables_toggle) is deprecated and will be removed in a future version.
Instructions for updating:
non-resource variables are not supported in the long term
C:\Users\paul9\Desktop\115-1\機器學習與金融科技\Temporal_Relational_Stock_Ranking\training\relation_rank_lstm.py:123: UserWarning: `tf.layers.dense` is deprecated and will be removed in a future version. Please use `tf.keras.layers.Dense` instead.
  rel_weight = tf.layers.dense(relation, units=1,
WARNING:tensorflow:From C:\Users\paul9\Desktop\115-1\機器學習與金融科技\Temporal_Relational_Stock_Ranking\.venv\Lib\site-packages\tf_keras\src\utils\version_utils.py:78: The name tf.executing_eagerly_outside_functions is deprecated. Please use tf.compat.v1.executing_eagerly_outside_functions instead.

C:\Users\paul9\Desktop\115-1\機器學習與金融科技\Temporal_Relational_Stock_Ranking\training\relation_rank_lstm.py:132: UserWarning: `tf.layers.dense` is deprecated and will be removed in a future version. Please use `tf.keras.layers.Dense` instead.
  head_weight = tf.layers.dense(feature, units=1,
C:\Users\paul9\Desktop\115-1\機器學習與金融科技\Temporal_Relational_Stock_Ranking\training\relation_rank_lstm.py:134: UserWarning: `tf.layers.dense` is deprecated and will be removed in a future version. Please use `tf.keras.layers.Dense` instead.
  tail_weight = tf.layers.dense(feature, units=1,
WARNING:tensorflow:From C:\Users\paul9\Desktop\115-1\機器學習與金融科技\Temporal_Relational_Stock_Ranking\.venv\Lib\site-packages\tensorflow\python\util\dispatch.py:1264: calling softmax (from tensorflow.python.ops.nn_ops) with dim is deprecated and will be removed in a future version.
Instructions for updating:
dim is deprecated, use axis instead
C:\Users\paul9\Desktop\115-1\機器學習與金融科技\Temporal_Relational_Stock_Ranking\training\relation_rank_lstm.py:155: UserWarning: `tf.layers.dense` is deprecated and will be removed in a future version. Please use `tf.keras.layers.Dense` instead.
  prediction = tf.layers.dense(
WARNING:tensorflow:From C:\Users\paul9\Desktop\115-1\機器學習與金融科技\Temporal_Relational_Stock_Ranking\.venv\Lib\site-packages\tensorflow\python\util\dispatch.py:1264: div (from tensorflow.python.ops.math_ops) is deprecated and will be removed in a future version.
Instructions for updating:
Deprecated in favor of operator or tf.math.divide.
WARNING:tensorflow:From C:\Users\paul9\Desktop\115-1\機器學習與金融科技\Temporal_Relational_Stock_Ranking\training\relation_rank_lstm.py:183: The name tf.train.AdamOptimizer is deprecated. Please use tf.compat.v1.train.AdamOptimizer instead.

I0000 00:00:1790484571.548645   31024 cpu_feature_guard.cc:227] This TensorFlow binary is optimized to use available CPU instructions in performance-critical operations.
To enable the following instructions: SSE3 SSE4.1 SSE4.2 AVX AVX2 AVX_VNNI AVX_VNNI_INT8 AVX_NE_CONVERT FMA, in other operations, rebuild TensorFlow with the appropriate compiler flags.
I0000 00:00:1790484572.635090   31024 mlir_graph_optimization_pass.cc:437] MLIR V1 optimization pass is not enabled
arguments: Namespace(p='../data/2013-01-01', m='NASDAQ', t='NASDAQ_tickers_qualify_dr-0.98_min-5_smooth.csv', l='4', u='32', s=1, r=0.001, a=1, gpu=False, emb_file='NASDAQ_rank_lstm_seq-4_unit-32_seed2.npy', rel_name='sector_industry', inner_prod=False, epochs=50, seed=2)
parameters: {'seq': 4, 'unit': 32, 'lr': 0.001, 'alpha': 1.0}
#tickers selected: 1026
single EOD data shape: (1245, 6)
relation encoding shape: (1026, 1026, 97)
relation encoding shape: (1026, 1026, 97)
relation mask shape: (1026, 1026)
embedding shape: (1026, 1245, 32)
device name: /cpu:0
sum weight
Train Loss: 0.12770174 0.12664853 0.001053251
Valid MSE: 0.0064213667 0.00587219 0.00054917677
	 Valid preformance: {'mse': np.float64(0.005873066505502076), 'mrrt': 0.026537530611235097, 'btl': np.float64(1.8090276452712715)}
Test MSE: 0.012195025 0.0116080865 0.00058693823
	 Test performance: {'mse': np.float64(0.011606143855339588), 'mrrt': 0.013182571864326977, 'btl': np.float64(0.18970057426486164)}
Better valid loss: 0.0064213667
epoch: 0 time: 78.3030 
Train Loss: 0.004840697 0.0043429113 0.0004977837
Valid MSE: 0.003106571 0.0026514765 0.00045509622
	 Valid preformance: {'mse': np.float64(0.0026508614064001007), 'mrrt': 0.029654883937121516, 'btl': np.float64(1.9392992069479078)}
Test MSE: 0.004845952 0.004360687 0.00048526574
	 Test performance: {'mse': np.float64(0.004359978297854434), 'mrrt': 0.013182571864326977, 'btl': np.float64(0.18970057426486164)}
Better valid loss: 0.003106571
epoch: 1 time: 32.4254 
Train Loss: 0.002646067 0.0022623322 0.00038373336
Valid MSE: 0.0019571118 0.0016257751 0.00033133724
	 Valid preformance: {'mse': np.float64(0.001625722054282131), 'mrrt': 0.02998555513666212, 'btl': np.float64(1.526992586441338)}
Test MSE: 0.0024341156 0.002085351 0.0003487641
	 Test performance: {'mse': np.float64(0.002085001502006458), 'mrrt': 0.013182571864326977, 'btl': np.float64(0.18970057426486164)}
Better valid loss: 0.0019571118
epoch: 2 time: 30.5628 
Train Loss: 0.0016032842 0.0013297732 0.0002735116
Valid MSE: 0.0012913652 0.0010565626 0.00023480259
	 Valid preformance: {'mse': np.float64(0.0010568341806172082), 'mrrt': 0.027803602972083317, 'btl': np.float64(1.3199956776952604)}
Test MSE: 0.0012562665 0.001016345 0.00023992221
	 Test performance: {'mse': np.float64(0.001016137584488475), 'mrrt': 0.02343126932140166, 'btl': np.float64(0.34713753819232807)}
Better valid loss: 0.0012913652
epoch: 3 time: 31.6589 
Train Loss: 0.0011141957 0.0009134755 0.00020071972
Valid MSE: 0.0009834295 0.0008075652 0.00017586404
	 Valid preformance: {'mse': np.float64(0.0008078663888492967), 'mrrt': 0.026237231885534645, 'btl': np.float64(0.6168383935291786)}
Test MSE: 0.0008908451 0.00071219844 0.00017864631
	 Test performance: {'mse': np.float64(0.0007120281013661927), 'mrrt': 0.028663765588753724, 'btl': np.float64(0.5811554059619084)}
Better valid loss: 0.0009834295
epoch: 4 time: 27.2576 
Train Loss: 0.0008700885 0.000716485 0.00015360354
Valid MSE: 0.00081896974 0.00068340206 0.00013556716
	 Valid preformance: {'mse': np.float64(0.0006837109557665752), 'mrrt': 0.029319503774581278, 'btl': np.float64(1.239200852724025)}
Test MSE: 0.0007236411 0.0005871497 0.00013649142
	 Test performance: {'mse': np.float64(0.0005869929193239277), 'mrrt': 0.03421853817156256, 'btl': np.float64(0.8886823432985693)}
Better valid loss: 0.00081896974
epoch: 5 time: 30.0619 
Train Loss: 0.00071954576 0.0006010656 0.00011847984
Valid MSE: 0.0007238907 0.00062146876 0.00010242184
	 Valid preformance: {'mse': np.float64(0.0006217319208137803), 'mrrt': 0.02759250417045424, 'btl': np.float64(1.5160839118470903)}
Test MSE: 0.0006323018 0.0005308049 0.000101496946
	 Test performance: {'mse': np.float64(0.0005306794883091684), 'mrrt': 0.03896932506115163, 'btl': np.float64(0.924104361794889)}
Better valid loss: 0.0007238907
epoch: 6 time: 29.3232 
Train Loss: 0.00061429286 0.0005256888 8.8604334e-05
Valid MSE: 0.0006353095 0.00055913563 7.617366e-05
	 Valid preformance: {'mse': np.float64(0.0005594193314432111), 'mrrt': 0.02617665136794292, 'btl': np.float64(1.5768560956057627)}
Test MSE: 0.00052680465 0.00045306253 7.374214e-05
	 Test performance: {'mse': np.float64(0.0004529449005726059), 'mrrt': 0.04012240684884591, 'btl': np.float64(1.3395645745331421)}
Better valid loss: 0.0006353095
epoch: 7 time: 30.7244 
Train Loss: 0.000541509 0.00047742005 6.4088985e-05
Valid MSE: 0.0005850796 0.0005311438 5.3935986e-05
	 Valid preformance: {'mse': np.float64(0.0005314238215928091), 'mrrt': 0.03062487316068444, 'btl': np.float64(2.0031218388321577)}
Test MSE: 0.00047335462 0.0004223106 5.1044124e-05
	 Test performance: {'mse': np.float64(0.00042220139037078066), 'mrrt': 0.04093216594178032, 'btl': np.float64(1.3957423988031223)}
Better valid loss: 0.0005850796
epoch: 8 time: 31.5411 
Train Loss: 0.0004962631 0.00045072977 4.5533157e-05
Valid MSE: 0.0005733461 0.00053418794 3.915856e-05
	 Valid preformance: {'mse': np.float64(0.0005344616854421808), 'mrrt': 0.023412283427826683, 'btl': np.float64(1.673225126141915)}
Test MSE: 0.00046126044 0.0004248865 3.6373844e-05
	 Test performance: {'mse': np.float64(0.0004247866846854241), 'mrrt': 0.03641197868241122, 'btl': np.float64(1.0017309430986643)}
Better valid loss: 0.0005733461
epoch: 9 time: 27.8523 
Train Loss: 0.0004758963 0.00044192572 3.3970173e-05
Valid MSE: 0.0005962176 0.0005648652 3.1352323e-05
	 Valid preformance: {'mse': np.float64(0.0005651362223131292), 'mrrt': 0.022925270157323284, 'btl': np.float64(1.560115789034171)}
Test MSE: 0.000485297 0.00045692307 2.837397e-05
	 Test performance: {'mse': np.float64(0.00045683128489865284), 'mrrt': 0.033374536148738435, 'btl': np.float64(0.6620746949920431)}
epoch: 10 time: 29.3906 
Train Loss: 0.00046593684 0.0004391603 2.6776717e-05
Valid MSE: 0.00061795407 0.0005895702 2.8383653e-05
	 Valid preformance: {'mse': np.float64(0.0005898778143764367), 'mrrt': 0.021410622152990274, 'btl': np.float64(1.614171918379725)}
Test MSE: 0.00051775045 0.00049095455 2.6795797e-05
	 Test performance: {'mse': np.float64(0.0004908091740785726), 'mrrt': 0.013201749937575325, 'btl': np.float64(0.20948497497010976)}
epoch: 11 time: 32.2989 
Train Loss: 0.00046120584 0.00043856344 2.2642458e-05
Valid MSE: 0.0005611844 0.00053416693 2.7017602e-05
	 Valid preformance: {'mse': np.float64(0.0005344751456396971), 'mrrt': 0.024362652033983682, 'btl': np.float64(1.9917679639183916)}
Test MSE: 0.0004526329 0.00042745375 2.5179123e-05
	 Test performance: {'mse': np.float64(0.00042732031139368305), 'mrrt': 0.013201749937575325, 'btl': np.float64(0.20948497497010976)}
Better valid loss: 0.0005611844
epoch: 12 time: 32.1456 
Train Loss: 0.0004516605 0.00043251627 1.9144398e-05
Valid MSE: 0.0005165883 0.00049849355 1.8094413e-05
	 Valid preformance: {'mse': np.float64(0.0004987798676003662), 'mrrt': 0.019681293536251317, 'btl': np.float64(1.3413536017178558)}
Test MSE: 0.00040140323 0.00038549272 1.591049e-05
	 Test performance: {'mse': np.float64(0.0003853832126127842), 'mrrt': 0.024223740554516298, 'btl': np.float64(0.8657364894752391)}
Better valid loss: 0.0005165883
epoch: 13 time: 33.6571 
Train Loss: 0.00045312784 0.00043547482 1.765337e-05
Valid MSE: 0.0005149878 0.00049836753 1.6620317e-05
	 Valid preformance: {'mse': np.float64(0.0004986615497962043), 'mrrt': 0.016803817646337083, 'btl': np.float64(1.9940869670535903)}
Test MSE: 0.00039802416 0.00038403904 1.3984944e-05
	 Test performance: {'mse': np.float64(0.00038391927120866233), 'mrrt': 0.020929233611084844, 'btl': np.float64(0.4275453754235059)}
Better valid loss: 0.0005149878
epoch: 14 time: 31.6370 
Train Loss: 0.00044932388 0.00043227756 1.7046159e-05
Valid MSE: 0.0005263085 0.0005098838 1.6424685e-05
	 Valid preformance: {'mse': np.float64(0.0005101665589039326), 'mrrt': 0.018643993313520745, 'btl': np.float64(2.1786461583105847)}
Test MSE: 0.00040992885 0.0003958706 1.4058187e-05
	 Test performance: {'mse': np.float64(0.0003957671931417963), 'mrrt': 0.03315339768322377, 'btl': np.float64(1.2608218557434157)}
epoch: 15 time: 39.3499 
Train Loss: 0.00045471967 0.00043804102 1.6678472e-05
Valid MSE: 0.00051408354 0.00049611053 1.7972834e-05
	 Valid preformance: {'mse': np.float64(0.000496395221468676), 'mrrt': 0.02784866497536232, 'btl': np.float64(2.2156032252532896)}
Test MSE: 0.00040015273 0.0003834151 1.6737567e-05
	 Test performance: {'mse': np.float64(0.00038330497282625174), 'mrrt': 0.020405734903517152, 'btl': np.float64(0.25876906840130687)}
Better valid loss: 0.00051408354
epoch: 16 time: 32.3119 
Train Loss: 0.00045462346 0.00043746037 1.7162678e-05
Valid MSE: 0.00051122985 0.0004943646 1.6865544e-05
	 Valid preformance: {'mse': np.float64(0.0004946515507071087), 'mrrt': 0.02871242095070179, 'btl': np.float64(2.092650416539982)}
Test MSE: 0.0003957605 0.00038054894 1.52116345e-05
	 Test performance: {'mse': np.float64(0.0003804368186897975), 'mrrt': 0.02609900485404979, 'btl': np.float64(0.43869253172306344)}
Better valid loss: 0.00051122985
epoch: 17 time: 32.8563 
Train Loss: 0.00045164628 0.00043534147 1.6304248e-05
Valid MSE: 0.00053276087 0.00051814184 1.4618999e-05
	 Valid preformance: {'mse': np.float64(0.0005184365600946543), 'mrrt': 0.02101123477960788, 'btl': np.float64(1.952977276436286)}
Test MSE: 0.00041810042 0.0004053781 1.2722701e-05
	 Test performance: {'mse': np.float64(0.00040524943189149305), 'mrrt': 0.031689400800184925, 'btl': np.float64(0.7501625430304557)}
epoch: 18 time: 29.8358 
Train Loss: 0.00045187806 0.00043627864 1.5599326e-05
Valid MSE: 0.00051462493 0.00049871125 1.591395e-05
	 Valid preformance: {'mse': np.float64(0.0004990033251086176), 'mrrt': 0.028850638770301393, 'btl': np.float64(2.3630149172386155)}
Test MSE: 0.0003980691 0.00038370836 1.4360803e-05
	 Test performance: {'mse': np.float64(0.00038358854452562454), 'mrrt': 0.02837692768848511, 'btl': np.float64(0.9642962626530789)}
epoch: 19 time: 38.2306 
Train Loss: 0.00044878092 0.00043300455 1.5776603e-05
Valid MSE: 0.0005320655 0.00051809405 1.3971503e-05
	 Valid preformance: {'mse': np.float64(0.0005183895782618799), 'mrrt': 0.01943531243211586, 'btl': np.float64(2.0237170320760924)}
Test MSE: 0.0004154759 0.00040349446 1.19814495e-05
	 Test performance: {'mse': np.float64(0.000403366510973557), 'mrrt': 0.03489641312624321, 'btl': np.float64(1.165629698545672)}
epoch: 20 time: 32.3129 
Train Loss: 0.00044848572 0.00043326768 1.5218146e-05
Valid MSE: 0.0005640349 0.0005471199 1.6914844e-05
	 Valid preformance: {'mse': np.float64(0.0005474012548375874), 'mrrt': 0.017941221366573147, 'btl': np.float64(2.075385718861071)}
Test MSE: 0.00045000107 0.0004346659 1.5335334e-05
	 Test performance: {'mse': np.float64(0.0004345707452079499), 'mrrt': 0.024668137108826194, 'btl': np.float64(1.46697978649172)}
epoch: 21 time: 32.7339 
Train Loss: 0.00044997095 0.00043489982 1.5071476e-05
Valid MSE: 0.0005128915 0.00049917237 1.371901e-05
	 Valid preformance: {'mse': np.float64(0.0004994586407160591), 'mrrt': 0.02152004880019349, 'btl': np.float64(2.5968055360135622)}
Test MSE: 0.00039520307 0.0003833613 1.1841852e-05
	 Test performance: {'mse': np.float64(0.0003832533494958593), 'mrrt': 0.03715948759980007, 'btl': np.float64(1.7169817405520007)}
epoch: 22 time: 39.6594 
Train Loss: 0.00044691825 0.0004315905 1.5327445e-05
Valid MSE: 0.0005553835 0.00054146186 1.3921486e-05
	 Valid preformance: {'mse': np.float64(0.0005417352249007964), 'mrrt': 0.020493291643767668, 'btl': np.float64(1.9568907208158635)}
Test MSE: 0.0004405158 0.000428579 1.19368e-05
	 Test performance: {'mse': np.float64(0.00042848464183169947), 'mrrt': 0.04009500195023563, 'btl': np.float64(1.553874149802141)}
epoch: 23 time: 47.2683 
Train Loss: 0.00044791753 0.0004329412 1.4975906e-05
Valid MSE: 0.00050987717 0.00049536745 1.450978e-05
	 Valid preformance: {'mse': np.float64(0.0004956576108779749), 'mrrt': 0.018556505904547313, 'btl': np.float64(2.339750358136371)}
Test MSE: 0.00039224906 0.00037960734 1.2641545e-05
	 Test performance: {'mse': np.float64(0.0003794938499151929), 'mrrt': 0.02624818567546877, 'btl': np.float64(1.5706419067573734)}
Better valid loss: 0.00050987717
epoch: 24 time: 49.9610 
Train Loss: 0.00044857338 0.0004334924 1.5081413e-05
Valid MSE: 0.0005079872 0.0004946531 1.3333787e-05
	 Valid preformance: {'mse': np.float64(0.0004949430720156257), 'mrrt': 0.02112522991026474, 'btl': np.float64(1.9747193267394323)}
Test MSE: 0.00039071956 0.00037927067 1.1448995e-05
	 Test performance: {'mse': np.float64(0.00037915418380791646), 'mrrt': 0.03703237095639686, 'btl': np.float64(1.2358299794141203)}
Better valid loss: 0.0005079872
epoch: 25 time: 35.8922 
Train Loss: 0.00044411127 0.00043021704 1.3894772e-05
Valid MSE: 0.00055975164 0.00054603344 1.3717996e-05
	 Valid preformance: {'mse': np.float64(0.0005463107954897973), 'mrrt': 0.01929651762545707, 'btl': np.float64(1.9955703901869128)}
Test MSE: 0.00044523797 0.0004331928 1.2045077e-05
	 Test performance: {'mse': np.float64(0.0004330986269475203), 'mrrt': 0.026799481407653435, 'btl': np.float64(1.581183059286559)}
epoch: 26 time: 34.0249 
Train Loss: 0.00044812594 0.00043271846 1.5407426e-05
Valid MSE: 0.0005127295 0.00049981184 1.2917633e-05
	 Valid preformance: {'mse': np.float64(0.0005000965558634508), 'mrrt': 0.025576685286739228, 'btl': np.float64(2.14950993435923)}
Test MSE: 0.00039632624 0.00038522863 1.1097723e-05
	 Test performance: {'mse': np.float64(0.0003851216577948254), 'mrrt': 0.03674070885946531, 'btl': np.float64(1.3042318002553657)}
epoch: 27 time: 27.3578 
Train Loss: 0.000445621 0.00043108073 1.4540283e-05
Valid MSE: 0.00053710357 0.00052177114 1.5332296e-05
	 Valid preformance: {'mse': np.float64(0.0005220438074308077), 'mrrt': 0.02961364750736993, 'btl': np.float64(2.2321462765685283)}
Test MSE: 0.00042454532 0.0004109231 1.3622211e-05
	 Test performance: {'mse': np.float64(0.00041082510593921007), 'mrrt': 0.04255729234429465, 'btl': np.float64(1.1937294084345922)}
epoch: 28 time: 39.2187 
Train Loss: 0.00044855906 0.00043409012 1.4469329e-05
Valid MSE: 0.00050622533 0.0004939448 1.2280516e-05
	 Valid preformance: {'mse': np.float64(0.0004942342739552777), 'mrrt': 0.018761650738076348, 'btl': np.float64(2.434980316196743)}
Test MSE: 0.00038920465 0.00037860242 1.0602038e-05
	 Test performance: {'mse': np.float64(0.0003784885586551372), 'mrrt': 0.0254562938085005, 'btl': np.float64(1.2978364045266062)}
Better valid loss: 0.00050622533
epoch: 29 time: 35.4235 
Train Loss: 0.0004512546 0.00043614832 1.51060585e-05
Valid MSE: 0.00053276337 0.0005138768 1.8886563e-05
	 Valid preformance: {'mse': np.float64(0.000514170952630467), 'mrrt': 0.015212544790196632, 'btl': np.float64(1.9709275140194222)}
Test MSE: 0.00041265754 0.00039579792 1.6859593e-05
	 Test performance: {'mse': np.float64(0.0003956928897039254), 'mrrt': 0.024862420005417385, 'btl': np.float64(1.5826756972819567)}
epoch: 30 time: 36.8498 
Train Loss: 0.00044860918 0.00043388575 1.4723447e-05
Valid MSE: 0.00054304046 0.0005206637 2.2376991e-05
	 Valid preformance: {'mse': np.float64(0.0005209575226872286), 'mrrt': 0.030332653503460195, 'btl': np.float64(2.3528659384755883)}
Test MSE: 0.00042938316 0.00040768454 2.1698781e-05
	 Test performance: {'mse': np.float64(0.0004075568674660123), 'mrrt': 0.01834244545132885, 'btl': np.float64(0.3826442447025329)}
epoch: 31 time: 50.9115 
Train Loss: 0.00043941857 0.00042597236 1.34462425e-05
Valid MSE: 0.0005131799 0.00049922615 1.3953514e-05
	 Valid preformance: {'mse': np.float64(0.0004995170251104373), 'mrrt': 0.029515453351943215, 'btl': np.float64(2.472240467031952)}
Test MSE: 0.00039740503 0.00038462045 1.2784474e-05
	 Test performance: {'mse': np.float64(0.0003844999063156211), 'mrrt': 0.02492465221277095, 'btl': np.float64(0.6870637982501648)}
epoch: 32 time: 39.4669 
Train Loss: 0.0004438683 0.00043021698 1.3651032e-05
Valid MSE: 0.00050868193 0.0004943076 1.4374415e-05
	 Valid preformance: {'mse': np.float64(0.0004945959551834289), 'mrrt': 0.03134237467883742, 'btl': np.float64(2.6540512178326026)}
Test MSE: 0.00039372433 0.00038020525 1.3518936e-05
	 Test performance: {'mse': np.float64(0.0003800887920613528), 'mrrt': 0.01964110189902502, 'btl': np.float64(0.22573122417088598)}
epoch: 33 time: 49.7238 
Train Loss: 0.0004451601 0.000430609 1.4551079e-05
Valid MSE: 0.00052034174 0.0005016337 1.8707684e-05
	 Valid preformance: {'mse': np.float64(0.0005019113562140292), 'mrrt': 0.03097506230093109, 'btl': np.float64(2.741391979769105)}
Test MSE: 0.00040943094 0.00039204536 1.7385555e-05
	 Test performance: {'mse': np.float64(0.00039193999469587954), 'mrrt': 0.017527300613629112, 'btl': np.float64(0.5578444027923979)}
epoch: 34 time: 38.6339 
Train Loss: 0.00044898668 0.00043502447 1.3961837e-05
Valid MSE: 0.0005053762 0.00049345125 1.19247925e-05
	 Valid preformance: {'mse': np.float64(0.0004937398202626702), 'mrrt': 0.019889682997139543, 'btl': np.float64(1.9185071310494095)}
Test MSE: 0.00038969982 0.00037885903 1.0840673e-05
	 Test performance: {'mse': np.float64(0.0003787436493976204), 'mrrt': 0.030106078391434678, 'btl': np.float64(1.4045517678605393)}
Better valid loss: 0.0005053762
epoch: 35 time: 34.4263 
Train Loss: 0.00044726732 0.00043388372 1.3383339e-05
Valid MSE: 0.0005679104 0.0005458258 2.2084572e-05
	 Valid preformance: {'mse': np.float64(0.0005461230849793022), 'mrrt': 0.03035315503052319, 'btl': np.float64(2.507091743435012)}
Test MSE: 0.00045355485 0.0004320751 2.1479917e-05
	 Test performance: {'mse': np.float64(0.0004319410628111211), 'mrrt': 0.0132256698475556, 'btl': np.float64(0.2211135890102014)}
epoch: 36 time: 32.0503 
Train Loss: 0.00044388566 0.000430066 1.3819793e-05
Valid MSE: 0.00051555043 0.00050339405 1.2156138e-05
	 Valid preformance: {'mse': np.float64(0.0005036795223393326), 'mrrt': 0.02496079018625779, 'btl': np.float64(2.2358168404898606)}
Test MSE: 0.00040023544 0.00038917447 1.1061007e-05
	 Test performance: {'mse': np.float64(0.00038906924114180533), 'mrrt': 0.02746270552541257, 'btl': np.float64(1.0846315148519352)}
epoch: 37 time: 36.8024 
Train Loss: 0.00044825466 0.00043439041 1.3864198e-05
Valid MSE: 0.0005175584 0.00049505045 2.2507862e-05
	 Valid preformance: {'mse': np.float64(0.0004953334745357127), 'mrrt': 0.031382875348727114, 'btl': np.float64(2.9283476548152976)}
Test MSE: 0.0004046762 0.00038374183 2.0934296e-05
	 Test performance: {'mse': np.float64(0.0003836300976158812), 'mrrt': 0.02167728912037602, 'btl': np.float64(0.3742781853652559)}
epoch: 38 time: 27.1996 
Train Loss: 0.00044983978 0.00043582098 1.4019201e-05
Valid MSE: 0.0005074911 0.0004964013 1.108971e-05
	 Valid preformance: {'mse': np.float64(0.0004966903142494016), 'mrrt': 0.019050049466561598, 'btl': np.float64(2.5005074796499684)}
Test MSE: 0.0003900146 0.00038049 9.524529e-06
	 Test performance: {'mse': np.float64(0.0003803798772677318), 'mrrt': 0.02769043863097487, 'btl': np.float64(1.6381242232164368)}
epoch: 39 time: 29.6633 
Train Loss: 0.00044731153 0.00043376937 1.3542074e-05
Valid MSE: 0.00065883924 0.00063800137 2.0838324e-05
	 Valid preformance: {'mse': np.float64(0.0006382922691832222), 'mrrt': 0.014935454441187535, 'btl': np.float64(1.1711990192416124)}
Test MSE: 0.0005352014 0.0005165082 1.8693367e-05
	 Test performance: {'mse': np.float64(0.0005164250366799122), 'mrrt': 0.0249367764696447, 'btl': np.float64(1.7352240209875163)}
epoch: 40 time: 38.8869 
Train Loss: 0.00044399075 0.0004309095 1.3081647e-05
Valid MSE: 0.0005481154 0.0005304276 1.7687884e-05
	 Valid preformance: {'mse': np.float64(0.0005307211906645521), 'mrrt': 0.030379958000152786, 'btl': np.float64(2.2300635550927836)}
Test MSE: 0.00043553978 0.00041830723 1.7232758e-05
	 Test performance: {'mse': np.float64(0.0004181755431209627), 'mrrt': 0.014050056208695639, 'btl': np.float64(0.20544190367218107)}
epoch: 41 time: 36.0189 
Train Loss: 0.0004419346 0.00042937126 1.2563645e-05
Valid MSE: 0.00051395653 0.00050240464 1.1551885e-05
	 Valid preformance: {'mse': np.float64(0.000502687812417593), 'mrrt': 0.024365057222448225, 'btl': np.float64(1.960883808635117)}
Test MSE: 0.00039866724 0.00038881664 9.850716e-06
	 Test performance: {'mse': np.float64(0.0003887114846120475), 'mrrt': 0.031168178102962327, 'btl': np.float64(1.4232690659118816)}
epoch: 42 time: 44.1373 
Train Loss: 0.00044284677 0.00042970202 1.314471e-05
Valid MSE: 0.0005087365 0.000497305 1.1431428e-05
	 Valid preformance: {'mse': np.float64(0.0004975954340948533), 'mrrt': 0.019190015033195305, 'btl': np.float64(1.5402342349407263)}
Test MSE: 0.00039324551 0.0003832005 1.0044726e-05
	 Test performance: {'mse': np.float64(0.0003830805770662597), 'mrrt': 0.04037026164994597, 'btl': np.float64(1.3683122911024839)}
epoch: 43 time: 51.8503 
Train Loss: 0.0004372214 0.00042522568 1.1995451e-05
Valid MSE: 0.0005107835 0.0004995998 1.1183728e-05
	 Valid preformance: {'mse': np.float64(0.0004998886935769172), 'mrrt': 0.01617615241632471, 'btl': np.float64(1.7478723650274333)}
Test MSE: 0.00039599743 0.000386456 9.54155e-06
	 Test performance: {'mse': np.float64(0.0003863336455133132), 'mrrt': 0.021421195070383196, 'btl': np.float64(1.169060749700293)}
epoch: 44 time: 49.9808 
Train Loss: 0.00044285925 0.00043020182 1.2657736e-05
Valid MSE: 0.0005648717 0.0005520536 1.2818231e-05
	 Valid preformance: {'mse': np.float64(0.0005523363750442774), 'mrrt': 0.026400548062402277, 'btl': np.float64(2.249736786703579)}
Test MSE: 0.0004597415 0.00044720995 1.2531754e-05
	 Test performance: {'mse': np.float64(0.0004470715128597192), 'mrrt': 0.018855044612190577, 'btl': np.float64(0.5021135766291991)}
epoch: 45 time: 38.3832 
Train Loss: 0.00044728257 0.00043463652 1.2646661e-05
Valid MSE: 0.000524169 0.00051019737 1.3971575e-05
	 Valid preformance: {'mse': np.float64(0.0005104890630674283), 'mrrt': 0.029533164879133943, 'btl': np.float64(2.0507845042739064)}
Test MSE: 0.00041026046 0.00039706094 1.3199616e-05
	 Test performance: {'mse': np.float64(0.0003969349034083876), 'mrrt': 0.018200330744376818, 'btl': np.float64(0.4629571551340632)}
epoch: 46 time: 44.5987 
Train Loss: 0.0004383527 0.00042637414 1.1978033e-05
Valid MSE: 0.0005353993 0.00052078965 1.4609257e-05
	 Valid preformance: {'mse': np.float64(0.0005210843741353931), 'mrrt': 0.030018733716343515, 'btl': np.float64(2.2914183565299027)}
Test MSE: 0.00041776395 0.00040449318 1.3270656e-05
	 Test performance: {'mse': np.float64(0.00040436531246553127), 'mrrt': 0.03380758051067928, 'btl': np.float64(1.0402016650186852)}
epoch: 47 time: 32.0061 
Train Loss: 0.0004550875 0.00044129955 1.3787765e-05
Valid MSE: 0.0005113816 0.0004993341 1.2047295e-05
	 Valid preformance: {'mse': np.float64(0.0004996164259983037), 'mrrt': 0.03272490711425647, 'btl': np.float64(2.6777891717501916)}
Test MSE: 0.00039596265 0.00038541917 1.05436575e-05
	 Test performance: {'mse': np.float64(0.00038531277069822834), 'mrrt': 0.039139089283074434, 'btl': np.float64(1.1237709033302963)}
epoch: 48 time: 48.5054 
Train Loss: 0.00044279324 0.00043008113 1.2712266e-05
Valid MSE: 0.0005925008 0.00057997915 1.2521687e-05
	 Valid preformance: {'mse': np.float64(0.0005802586929065912), 'mrrt': 0.017518914230621196, 'btl': np.float64(1.30681376697612)}
Test MSE: 0.00047656606 0.00046531323 1.1252762e-05
	 Test performance: {'mse': np.float64(0.000465224482627314), 'mrrt': 0.03118909063904241, 'btl': np.float64(2.0083166594267823)}
epoch: 49 time: 39.8489 

Best Valid performance: {'mse': np.float64(0.0004937398202626702), 'mrrt': 0.019889682997139543, 'btl': np.float64(1.9185071310494095)}
	Best Test performance: {'mse': np.float64(0.0003787436493976204), 'mrrt': 0.030106078391434678, 'btl': np.float64(1.4045517678605393)}
